test onecompile solver
cd /work/jh250015/g24000/SC26/CReSS3.5.1m_SPN_RAD1.4.3_20230323_upload/Src
mpifort    -c -fast -mp -Mbyteswapio -mcmodel=medium dump_kernel_data.f90
nvfortran-Warning-Only small, tiny and large code models are allowed on AArch64. The code model large will be used.

mpifort    -c -fast -mp -Mbyteswapio -mcmodel=medium commpi.f90
nvfortran-Warning-Only small, tiny and large code models are allowed on AArch64. The code model large will be used.

mpifort    -c -fast -mp -Mbyteswapio -mcmodel=medium defmpi.f90
nvfortran-Warning-Only small, tiny and large code models are allowed on AArch64. The code model large will be used.

mpifort    -c -fast -mp -Mbyteswapio -mcmodel=medium chkerr_multi.f90
nvfortran-Warning-Only small, tiny and large code models are allowed on AArch64. The code model large will be used.

mpifort    -c -fast -mp -Mbyteswapio -mcmodel=medium comfile.f90
nvfortran-Warning-Only small, tiny and large code models are allowed on AArch64. The code model large will be used.

mpifort    -c -fast -mp -Mbyteswapio -mcmodel=medium comkind.f90
nvfortran-Warning-Only small, tiny and large code models are allowed on AArch64. The code model large will be used.

mpifort    -c -fast -mp -Mbyteswapio -mcmodel=medium cpondpe_multi.f90
nvfortran-Warning-Only small, tiny and large code models are allowed on AArch64. The code model large will be used.

mpifort    -c -fast -mp -Mbyteswapio -mcmodel=medium comerr.f90
nvfortran-Warning-Only small, tiny and large code models are allowed on AArch64. The code model large will be used.

mpifort    -c -fast -mp -Mbyteswapio -mcmodel=medium outstd02.f90
nvfortran-Warning-Only small, tiny and large code models are allowed on AArch64. The code model large will be used.

mpifort    -c -fast -mp -Mbyteswapio -mcmodel=medium endmpi_multi.f90
nvfortran-Warning-Only small, tiny and large code models are allowed on AArch64. The code model large will be used.

mpifort    -c -fast -mp -Mbyteswapio -mcmodel=medium destroy.f90
nvfortran-Warning-Only small, tiny and large code models are allowed on AArch64. The code model large will be used.

mpifort    -c -fast -mp -Mbyteswapio -mcmodel=medium comname.f90
nvfortran-Warning-Only small, tiny and large code models are allowed on AArch64. The code model large will be used.

mpifort    -c -fast -mp -Mbyteswapio -mcmodel=medium getcname.f90
nvfortran-Warning-Only small, tiny and large code models are allowed on AArch64. The code model large will be used.

mpifort    -c -fast -mp -Mbyteswapio -mcmodel=medium getiname.f90
nvfortran-Warning-Only small, tiny and large code models are allowed on AArch64. The code model large will be used.

mpifort    -c -fast -mp -Mbyteswapio -mcmodel=medium getrname.f90
nvfortran-Warning-Only small, tiny and large code models are allowed on AArch64. The code model large will be used.

mpifort    -c -fast -mp -Mbyteswapio -mcmodel=medium inichar.f90
nvfortran-Warning-Only small, tiny and large code models are allowed on AArch64. The code model large will be used.

mpifort    -c -fast -mp -Mbyteswapio -mcmodel=medium abortslv.f90
nvfortran-Warning-Only small, tiny and large code models are allowed on AArch64. The code model large will be used.

mpifort    -c -fast -mp -Mbyteswapio -mcmodel=medium adjstbw.f90
nvfortran-Warning-Only small, tiny and large code models are allowed on AArch64. The code model large will be used.

mpifort    -c -fast -mp -Mbyteswapio -mcmodel=medium comphy.f90
nvfortran-Warning-Only small, tiny and large code models are allowed on AArch64. The code model large will be used.

mpifort    -c -fast -mp -Mbyteswapio -mcmodel=medium adjstnci.f90
nvfortran-Warning-Only small, tiny and large code models are allowed on AArch64. The code model large will be used.

mpifort    -c -fast -mp -Mbyteswapio -mcmodel=medium commath.f90
nvfortran-Warning-Only small, tiny and large code models are allowed on AArch64. The code model large will be used.

mpifort    -c -fast -mp -Mbyteswapio -mcmodel=medium adjstni.f90
nvfortran-Warning-Only small, tiny and large code models are allowed on AArch64. The code model large will be used.

mpifort    -c -fast -mp -Mbyteswapio -mcmodel=medium adjstnp.f90
nvfortran-Warning-Only small, tiny and large code models are allowed on AArch64. The code model large will be used.

mpifort    -c -fast -mp -Mbyteswapio -mcmodel=medium adjstnsg.f90
nvfortran-Warning-Only small, tiny and large code models are allowed on AArch64. The code model large will be used.

mpifort    -c -fast -mp -Mbyteswapio -mcmodel=medium adjstnw.f90
nvfortran-Warning-Only small, tiny and large code models are allowed on AArch64. The code model large will be used.

mpifort    -c -fast -mp -Mbyteswapio -mcmodel=medium adjstq.f90
nvfortran-Warning-Only small, tiny and large code models are allowed on AArch64. The code model large will be used.

mpifort    -c -fast -mp -Mbyteswapio -mcmodel=medium adjstqa.f90
nvfortran-Warning-Only small, tiny and large code models are allowed on AArch64. The code model large will be used.

mpifort    -c -fast -mp -Mbyteswapio -mcmodel=medium reducelb.f90
nvfortran-Warning-Only small, tiny and large code models are allowed on AArch64. The code model large will be used.

mpifort    -c -fast -mp -Mbyteswapio -mcmodel=medium reducevb.f90
nvfortran-Warning-Only small, tiny and large code models are allowed on AArch64. The code model large will be used.

mpifort    -c -fast -mp -Mbyteswapio -mcmodel=medium adjstuv.f90
nvfortran-Warning-Only small, tiny and large code models are allowed on AArch64. The code model large will be used.

mpifort    -c -fast -mp -Mbyteswapio -mcmodel=medium advbspe.f90
nvfortran-Warning-Only small, tiny and large code models are allowed on AArch64. The code model large will be used.

mpifort    -c -fast -mp -Mbyteswapio -mcmodel=medium advbspi.f90
nvfortran-Warning-Only small, tiny and large code models are allowed on AArch64. The code model large will be used.

mpifort    -c -fast -mp -Mbyteswapio -mcmodel=medium advbspt.f90
nvfortran-Warning-Only small, tiny and large code models are allowed on AArch64. The code model large will be used.

mpifort    -c -fast -mp -Mbyteswapio -mcmodel=medium advp.f90
nvfortran-Warning-Only small, tiny and large code models are allowed on AArch64. The code model large will be used.

mpifort    -c -fast -mp -Mbyteswapio -mcmodel=medium advs.f90
nvfortran-Warning-Only small, tiny and large code models are allowed on AArch64. The code model large will be used.

mpifort    -c -fast -mp -Mbyteswapio -mcmodel=medium advuvw.f90
nvfortran-Warning-Only small, tiny and large code models are allowed on AArch64. The code model large will be used.

mpifort    -c -fast -mp -Mbyteswapio -mcmodel=medium comaero.f90
nvfortran-Warning-Only small, tiny and large code models are allowed on AArch64. The code model large will be used.

mpifort    -c -fast -mp -Mbyteswapio -mcmodel=medium copy3d.f90
nvfortran-Warning-Only small, tiny and large code models are allowed on AArch64. The code model large will be used.

mpifort    -c -fast -mp -Mbyteswapio -mcmodel=medium copy4d.f90
nvfortran-Warning-Only small, tiny and large code models are allowed on AArch64. The code model large will be used.

mpifort    -c -fast -mp -Mbyteswapio -mcmodel=medium setcst3d.f90
nvfortran-Warning-Only small, tiny and large code models are allowed on AArch64. The code model large will be used.

mpifort    -c -fast -mp -Mbyteswapio -mcmodel=medium aerophy.f90
nvfortran-Warning-Only small, tiny and large code models are allowed on AArch64. The code model large will be used.

mpifort    -c -fast -mp -Mbyteswapio -mcmodel=medium aggregat.f90
nvfortran-Warning-Only small, tiny and large code models are allowed on AArch64. The code model large will be used.

mpifort    -c -fast -mp -Mbyteswapio -mcmodel=medium combuf.f90
nvfortran-Warning-Only small, tiny and large code models are allowed on AArch64. The code model large will be used.

mpifort    -c -fast -mp -Mbyteswapio -mcmodel=medium comgrp.f90
nvfortran-Warning-Only small, tiny and large code models are allowed on AArch64. The code model large will be used.

mpifort    -c -fast -mp -Mbyteswapio -mcmodel=medium allocbuf.f90
nvfortran-Warning-Only small, tiny and large code models are allowed on AArch64. The code model large will be used.

mpifort    -c -fast -mp -Mbyteswapio -mcmodel=medium allocgrp.f90
nvfortran-Warning-Only small, tiny and large code models are allowed on AArch64. The code model large will be used.

mpifort    -c -fast -mp -Mbyteswapio -mcmodel=medium comionum.f90
nvfortran-Warning-Only small, tiny and large code models are allowed on AArch64. The code model large will be used.

mpifort    -c -fast -mp -Mbyteswapio -mcmodel=medium allociot.f90
nvfortran-Warning-Only small, tiny and large code models are allowed on AArch64. The code model large will be used.

mpifort    -c -fast -mp -Mbyteswapio -mcmodel=medium combin.f90
nvfortran-Warning-Only small, tiny and large code models are allowed on AArch64. The code model large will be used.

mpifort    -c -fast -mp -Mbyteswapio -mcmodel=medium comblk.f90
nvfortran-Warning-Only small, tiny and large code models are allowed on AArch64. The code model large will be used.

mpifort    -c -fast -mp -Mbyteswapio -mcmodel=medium setcst1d.f90
nvfortran-Warning-Only small, tiny and large code models are allowed on AArch64. The code model large will be used.

mpifort    -c -fast -mp -Mbyteswapio -mcmodel=medium setcst2d.f90
nvfortran-Warning-Only small, tiny and large code models are allowed on AArch64. The code model large will be used.

mpifort    -c -fast -mp -Mbyteswapio -mcmodel=medium temparam.f90
nvfortran-Warning-Only small, tiny and large code models are allowed on AArch64. The code model large will be used.

mpifort    -c -fast -mp -Mbyteswapio -mcmodel=medium allocmph.f90
nvfortran-Warning-Only small, tiny and large code models are allowed on AArch64. The code model large will be used.

mpifort    -c -fast -mp -Mbyteswapio -mcmodel=medium comslv.f90
nvfortran-Warning-Only small, tiny and large code models are allowed on AArch64. The code model large will be used.

mpifort    -c -fast -mp -Mbyteswapio -mcmodel=medium setcst4d.f90
nvfortran-Warning-Only small, tiny and large code models are allowed on AArch64. The code model large will be used.

mpifort    -c -fast -mp -Mbyteswapio -mcmodel=medium allocslv.f90
nvfortran-Warning-Only small, tiny and large code models are allowed on AArch64. The code model large will be used.

mpifort    -c -fast -mp -Mbyteswapio -mcmodel=medium bcyclex.f90
nvfortran-Warning-Only small, tiny and large code models are allowed on AArch64. The code model large will be used.

mpifort    -c -fast -mp -Mbyteswapio -mcmodel=medium bcycley.f90
nvfortran-Warning-Only small, tiny and large code models are allowed on AArch64. The code model large will be used.

mpifort    -c -fast -mp -Mbyteswapio -mcmodel=medium comindx.f90
nvfortran-Warning-Only small, tiny and large code models are allowed on AArch64. The code model large will be used.

mpifort    -c -fast -mp -Mbyteswapio -mcmodel=medium getbufgx.f90
nvfortran-Warning-Only small, tiny and large code models are allowed on AArch64. The code model large will be used.

mpifort    -c -fast -mp -Mbyteswapio -mcmodel=medium getbufgy.f90
nvfortran-Warning-Only small, tiny and large code models are allowed on AArch64. The code model large will be used.

mpifort    -c -fast -mp -Mbyteswapio -mcmodel=medium getbufsx.f90
nvfortran-Warning-Only small, tiny and large code models are allowed on AArch64. The code model large will be used.

mpifort    -c -fast -mp -Mbyteswapio -mcmodel=medium getbufsy.f90
nvfortran-Warning-Only small, tiny and large code models are allowed on AArch64. The code model large will be used.

mpifort    -c -fast -mp -Mbyteswapio -mcmodel=medium putbufgx.f90
nvfortran-Warning-Only small, tiny and large code models are allowed on AArch64. The code model large will be used.

mpifort    -c -fast -mp -Mbyteswapio -mcmodel=medium putbufgy.f90
nvfortran-Warning-Only small, tiny and large code models are allowed on AArch64. The code model large will be used.

mpifort    -c -fast -mp -Mbyteswapio -mcmodel=medium putbufsx.f90
nvfortran-Warning-Only small, tiny and large code models are allowed on AArch64. The code model large will be used.

mpifort    -c -fast -mp -Mbyteswapio -mcmodel=medium putbufsy.f90
nvfortran-Warning-Only small, tiny and large code models are allowed on AArch64. The code model large will be used.

mpifort    -c -fast -mp -Mbyteswapio -mcmodel=medium shiftgx.f90
nvfortran-Warning-Only small, tiny and large code models are allowed on AArch64. The code model large will be used.

mpifort    -c -fast -mp -Mbyteswapio -mcmodel=medium shiftgy.f90
nvfortran-Warning-Only small, tiny and large code models are allowed on AArch64. The code model large will be used.

mpifort    -c -fast -mp -Mbyteswapio -mcmodel=medium shiftsx.f90
nvfortran-Warning-Only small, tiny and large code models are allowed on AArch64. The code model large will be used.

mpifort    -c -fast -mp -Mbyteswapio -mcmodel=medium shiftsy.f90
nvfortran-Warning-Only small, tiny and large code models are allowed on AArch64. The code model large will be used.

mpifort    -c -fast -mp -Mbyteswapio -mcmodel=medium bc8u.f90
nvfortran-Warning-Only small, tiny and large code models are allowed on AArch64. The code model large will be used.

mpifort    -c -fast -mp -Mbyteswapio -mcmodel=medium bc8v.f90
nvfortran-Warning-Only small, tiny and large code models are allowed on AArch64. The code model large will be used.

mpifort    -c -fast -mp -Mbyteswapio -mcmodel=medium bc8w.f90
nvfortran-Warning-Only small, tiny and large code models are allowed on AArch64. The code model large will be used.

mpifort    -c -fast -mp -Mbyteswapio -mcmodel=medium var8uvw.f90
nvfortran-Warning-Only small, tiny and large code models are allowed on AArch64. The code model large will be used.

mpifort    -c -fast -mp -Mbyteswapio -mcmodel=medium baserho.f90
nvfortran-Warning-Only small, tiny and large code models are allowed on AArch64. The code model large will be used.

mpifort    -c -fast -mp -Mbyteswapio -mcmodel=medium bbcw.f90
nvfortran-Warning-Only small, tiny and large code models are allowed on AArch64. The code model large will be used.

mpifort    -c -fast -mp -Mbyteswapio -mcmodel=medium bc2d.f90
nvfortran-Warning-Only small, tiny and large code models are allowed on AArch64. The code model large will be used.

mpifort    -c -fast -mp -Mbyteswapio -mcmodel=medium bc4news.f90
nvfortran-Warning-Only small, tiny and large code models are allowed on AArch64. The code model large will be used.

mpifort    -c -fast -mp -Mbyteswapio -mcmodel=medium bcycle.f90
nvfortran-Warning-Only small, tiny and large code models are allowed on AArch64. The code model large will be used.

mpifort    -c -fast -mp -Mbyteswapio -mcmodel=medium bcasl.f90
nvfortran-Warning-Only small, tiny and large code models are allowed on AArch64. The code model large will be used.

mpifort    -c -fast -mp -Mbyteswapio -mcmodel=medium bcbase.f90
nvfortran-Warning-Only small, tiny and large code models are allowed on AArch64. The code model large will be used.

mpifort    -c -fast -mp -Mbyteswapio -mcmodel=medium bcgpv.f90
nvfortran-Warning-Only small, tiny and large code models are allowed on AArch64. The code model large will be used.

mpifort    -c -fast -mp -Mbyteswapio -mcmodel=medium bcgsms.f90
nvfortran-Warning-Only small, tiny and large code models are allowed on AArch64. The code model large will be used.

mpifort    -c -fast -mp -Mbyteswapio -mcmodel=medium bcgsmu.f90
nvfortran-Warning-Only small, tiny and large code models are allowed on AArch64. The code model large will be used.

mpifort    -c -fast -mp -Mbyteswapio -mcmodel=medium bcgsmv.f90
nvfortran-Warning-Only small, tiny and large code models are allowed on AArch64. The code model large will be used.

mpifort    -c -fast -mp -Mbyteswapio -mcmodel=medium bcgsmw.f90
nvfortran-Warning-Only small, tiny and large code models are allowed on AArch64. The code model large will be used.

mpifort    -c -fast -mp -Mbyteswapio -mcmodel=medium bcini.f90
nvfortran-Warning-Only small, tiny and large code models are allowed on AArch64. The code model large will be used.

mpifort    -c -fast -mp -Mbyteswapio -mcmodel=medium bcphi.f90
nvfortran-Warning-Only small, tiny and large code models are allowed on AArch64. The code model large will be used.

mpifort    -c -fast -mp -Mbyteswapio -mcmodel=medium bcrdr.f90
nvfortran-Warning-Only small, tiny and large code models are allowed on AArch64. The code model large will be used.

mpifort    -c -fast -mp -Mbyteswapio -mcmodel=medium bcrdrqp.f90
nvfortran-Warning-Only small, tiny and large code models are allowed on AArch64. The code model large will be used.

mpifort    -c -fast -mp -Mbyteswapio -mcmodel=medium bcsst.f90
nvfortran-Warning-Only small, tiny and large code models are allowed on AArch64. The code model large will be used.

mpifort    -c -fast -mp -Mbyteswapio -mcmodel=medium bcten.f90
nvfortran-Warning-Only small, tiny and large code models are allowed on AArch64. The code model large will be used.

mpifort    -c -fast -mp -Mbyteswapio -mcmodel=medium bruntv.f90
nvfortran-Warning-Only small, tiny and large code models are allowed on AArch64. The code model large will be used.

mpifort    -c -fast -mp -Mbyteswapio -mcmodel=medium bulksfc.f90
nvfortran-Warning-Only small, tiny and large code models are allowed on AArch64. The code model large will be used.

mpifort    -c -fast -mp -Mbyteswapio -mcmodel=medium buoytke.f90
nvfortran-Warning-Only small, tiny and large code models are allowed on AArch64. The code model large will be used.

mpifort    -c -fast -mp -Mbyteswapio -mcmodel=medium buoywb.f90
nvfortran-Warning-Only small, tiny and large code models are allowed on AArch64. The code model large will be used.

mpifort    -c -fast -mp -Mbyteswapio -mcmodel=medium buoywse.f90
nvfortran-Warning-Only small, tiny and large code models are allowed on AArch64. The code model large will be used.

mpifort    -c -fast -mp -Mbyteswapio -mcmodel=medium buoywsi.f90
nvfortran-Warning-Only small, tiny and large code models are allowed on AArch64. The code model large will be used.

mpifort    -c -fast -mp -Mbyteswapio -mcmodel=medium castgrp_multi.f90
nvfortran-Warning-Only small, tiny and large code models are allowed on AArch64. The code model large will be used.

mpifort    -c -fast -mp -Mbyteswapio -mcmodel=medium castname_multi.f90
nvfortran-Warning-Only small, tiny and large code models are allowed on AArch64. The code model large will be used.

mpifort    -c -fast -mp -Mbyteswapio -mcmodel=medium castvar.f90
nvfortran-Warning-Only small, tiny and large code models are allowed on AArch64. The code model large will be used.

mpifort    -c -fast -mp -Mbyteswapio -mcmodel=medium cg2mkbw.f90
nvfortran-Warning-Only small, tiny and large code models are allowed on AArch64. The code model large will be used.

mpifort    -c -fast -mp -Mbyteswapio -mcmodel=medium comtable.f90
nvfortran-Warning-Only small, tiny and large code models are allowed on AArch64. The code model large will be used.

mpifort    -c -fast -mp -Mbyteswapio -mcmodel=medium charging.f90
nvfortran-Warning-Only small, tiny and large code models are allowed on AArch64. The code model large will be used.

mpifort    -c -fast -mp -Mbyteswapio -mcmodel=medium comdmp.f90
nvfortran-Warning-Only small, tiny and large code models are allowed on AArch64. The code model large will be used.

mpifort    -c -fast -mp -Mbyteswapio -mcmodel=medium getunit.f90
nvfortran-Warning-Only small, tiny and large code models are allowed on AArch64. The code model large will be used.

mpifort    -c -fast -mp -Mbyteswapio -mcmodel=medium putunit.f90
nvfortran-Warning-Only small, tiny and large code models are allowed on AArch64. The code model large will be used.

mpifort    -c -fast -mp -Mbyteswapio -mcmodel=medium chkbyte.f90
nvfortran-Warning-Only small, tiny and large code models are allowed on AArch64. The code model large will be used.

mpifort    -c -fast -mp -Mbyteswapio -mcmodel=medium chkfall.f90
nvfortran-Warning-Only small, tiny and large code models are allowed on AArch64. The code model large will be used.

mpifort    -c -fast -mp -Mbyteswapio -mcmodel=medium chkfile.f90
nvfortran-Warning-Only small, tiny and large code models are allowed on AArch64. The code model large will be used.

mpifort    -c -fast -mp -Mbyteswapio -mcmodel=medium chkitr.f90
nvfortran-Warning-Only small, tiny and large code models are allowed on AArch64. The code model large will be used.

mpifort    -c -fast -mp -Mbyteswapio -mcmodel=medium chkkind.f90
nvfortran-Warning-Only small, tiny and large code models are allowed on AArch64. The code model large will be used.

mpifort    -c -fast -mp -Mbyteswapio -mcmodel=medium chkmoist.f90
nvfortran-Warning-Only small, tiny and large code models are allowed on AArch64. The code model large will be used.

mpifort    -c -fast -mp -Mbyteswapio -mcmodel=medium comstd.f90
nvfortran-Warning-Only small, tiny and large code models are allowed on AArch64. The code model large will be used.

mpifort    -c -fast -mp -Mbyteswapio -mcmodel=medium outstd04.f90
nvfortran-Warning-Only small, tiny and large code models are allowed on AArch64. The code model large will be used.

mpifort    -c -fast -mp -Mbyteswapio -mcmodel=medium outstd12.f90
nvfortran-Warning-Only small, tiny and large code models are allowed on AArch64. The code model large will be used.

mpifort    -c -fast -mp -Mbyteswapio -mcmodel=medium chkmxn.f90
nvfortran-Warning-Only small, tiny and large code models are allowed on AArch64. The code model large will be used.

mpifort    -c -fast -mp -Mbyteswapio -mcmodel=medium defname.f90
nvfortran-Warning-Only small, tiny and large code models are allowed on AArch64. The code model large will be used.

mpifort    -c -fast -mp -Mbyteswapio -mcmodel=medium numchar.f90
nvfortran-Warning-Only small, tiny and large code models are allowed on AArch64. The code model large will be used.

mpifort    -c -fast -mp -Mbyteswapio -mcmodel=medium outstd14.f90
nvfortran-Warning-Only small, tiny and large code models are allowed on AArch64. The code model large will be used.

mpifort    -c -fast -mp -Mbyteswapio -mcmodel=medium outstd15.f90
nvfortran-Warning-Only small, tiny and large code models are allowed on AArch64. The code model large will be used.

mpifort    -c -fast -mp -Mbyteswapio -mcmodel=medium chknlslv.f90
nvfortran-Warning-Only small, tiny and large code models are allowed on AArch64. The code model large will be used.

mpifort    -c -fast -mp -Mbyteswapio -mcmodel=medium chkopen_multi.f90
nvfortran-Warning-Only small, tiny and large code models are allowed on AArch64. The code model large will be used.

mpifort    -c -fast -mp -Mbyteswapio -mcmodel=medium chkrain.f90
nvfortran-Warning-Only small, tiny and large code models are allowed on AArch64. The code model large will be used.

mpifort    -c -fast -mp -Mbyteswapio -mcmodel=medium chkrdr.f90
nvfortran-Warning-Only small, tiny and large code models are allowed on AArch64. The code model large will be used.

mpifort    -c -fast -mp -Mbyteswapio -mcmodel=medium getindx.f90
nvfortran-Warning-Only small, tiny and large code models are allowed on AArch64. The code model large will be used.

mpifort    -c -fast -mp -Mbyteswapio -mcmodel=medium chksat.f90
nvfortran-Warning-Only small, tiny and large code models are allowed on AArch64. The code model large will be used.

mpifort    -c -fast -mp -Mbyteswapio -mcmodel=medium chkstd_multi.f90
nvfortran-Warning-Only small, tiny and large code models are allowed on AArch64. The code model large will be used.

mpifort    -c -fast -mp -Mbyteswapio -mcmodel=medium outstd03.f90
nvfortran-Warning-Only small, tiny and large code models are allowed on AArch64. The code model large will be used.

mpifort    -c -fast -mp -Mbyteswapio -mcmodel=medium outstd08.f90
nvfortran-Warning-Only small, tiny and large code models are allowed on AArch64. The code model large will be used.

mpifort    -c -fast -mp -Mbyteswapio -mcmodel=medium closedmp.f90
nvfortran-Warning-Only small, tiny and large code models are allowed on AArch64. The code model large will be used.

mpifort    -c -fast -mp -Mbyteswapio -mcmodel=medium cloudcov.f90
nvfortran-Warning-Only small, tiny and large code models are allowed on AArch64. The code model large will be used.

mpifort    -c -fast -mp -Mbyteswapio -mcmodel=medium upwnp.f90
nvfortran-Warning-Only small, tiny and large code models are allowed on AArch64. The code model large will be used.

mpifort    -c -fast -mp -Mbyteswapio -mcmodel=medium upwqcg.f90
nvfortran-Warning-Only small, tiny and large code models are allowed on AArch64. The code model large will be used.

mpifort    -c -fast -mp -Mbyteswapio -mcmodel=medium upwqp.f90
nvfortran-Warning-Only small, tiny and large code models are allowed on AArch64. The code model large will be used.

mpifort    -c -fast -mp -Mbyteswapio -mcmodel=medium fallblk.f90
nvfortran-Warning-Only small, tiny and large code models are allowed on AArch64. The code model large will be used.

mpifort    -c -fast -mp -Mbyteswapio -mcmodel=medium collect.f90
nvfortran-Warning-Only small, tiny and large code models are allowed on AArch64. The code model large will be used.

mpifort    -c -fast -mp -Mbyteswapio -mcmodel=medium convers.f90
nvfortran-Warning-Only small, tiny and large code models are allowed on AArch64. The code model large will be used.

mpifort    -c -fast -mp -Mbyteswapio -mcmodel=medium depsit.f90
nvfortran-Warning-Only small, tiny and large code models are allowed on AArch64. The code model large will be used.

mpifort    -c -fast -mp -Mbyteswapio -mcmodel=medium distrpg.f90
nvfortran-Warning-Only small, tiny and large code models are allowed on AArch64. The code model large will be used.

mpifort    -c -fast -mp -Mbyteswapio -mcmodel=medium freezing.f90
nvfortran-Warning-Only small, tiny and large code models are allowed on AArch64. The code model large will be used.

mpifort    -c -fast -mp -Mbyteswapio -mcmodel=medium melting.f90
nvfortran-Warning-Only small, tiny and large code models are allowed on AArch64. The code model large will be used.

mpifort    -c -fast -mp -Mbyteswapio -mcmodel=medium more0q.f90
nvfortran-Warning-Only small, tiny and large code models are allowed on AArch64. The code model large will be used.

mpifort    -c -fast -mp -Mbyteswapio -mcmodel=medium newblk.f90
nvfortran-Warning-Only small, tiny and large code models are allowed on AArch64. The code model large will be used.

mpifort    -c -fast -mp -Mbyteswapio -mcmodel=medium newblk_noevap.f90
nvfortran-Warning-Only small, tiny and large code models are allowed on AArch64. The code model large will be used.

mpifort    -c -fast -mp -Mbyteswapio -mcmodel=medium nuc1stc.f90
nvfortran-Warning-Only small, tiny and large code models are allowed on AArch64. The code model large will be used.

mpifort    -c -fast -mp -Mbyteswapio -mcmodel=medium nuc1stv.f90
nvfortran-Warning-Only small, tiny and large code models are allowed on AArch64. The code model large will be used.

mpifort    -c -fast -mp -Mbyteswapio -mcmodel=medium nuc2nd.f90
nvfortran-Warning-Only small, tiny and large code models are allowed on AArch64. The code model large will be used.

mpifort    -c -fast -mp -Mbyteswapio -mcmodel=medium prodctwg.f90
nvfortran-Warning-Only small, tiny and large code models are allowed on AArch64. The code model large will be used.

mpifort    -c -fast -mp -Mbyteswapio -mcmodel=medium setblk.f90
nvfortran-Warning-Only small, tiny and large code models are allowed on AArch64. The code model large will be used.

mpifort    -c -fast -mp -Mbyteswapio -mcmodel=medium shedding.f90
nvfortran-Warning-Only small, tiny and large code models are allowed on AArch64. The code model large will be used.

mpifort    -c -fast -mp -Mbyteswapio -mcmodel=medium srcblk.f90
nvfortran-Warning-Only small, tiny and large code models are allowed on AArch64. The code model large will be used.

mpifort    -c -fast -mp -Mbyteswapio -mcmodel=medium termblk.f90
nvfortran-Warning-Only small, tiny and large code models are allowed on AArch64. The code model large will be used.

mpifort    -c -fast -mp -Mbyteswapio -mcmodel=medium coldblk.f90
nvfortran-Warning-Only small, tiny and large code models are allowed on AArch64. The code model large will be used.

mpifort    -c -fast -mp -Mbyteswapio -mcmodel=medium diagnsg.f90
nvfortran-Warning-Only small, tiny and large code models are allowed on AArch64. The code model large will be used.

mpifort    -c -fast -mp -Mbyteswapio -mcmodel=medium diagnw.f90
nvfortran-Warning-Only small, tiny and large code models are allowed on AArch64. The code model large will be used.

mpifort    -c -fast -mp -Mbyteswapio -mcmodel=medium getexner.f90
nvfortran-Warning-Only small, tiny and large code models are allowed on AArch64. The code model large will be used.

mpifort    -c -fast -mp -Mbyteswapio -mcmodel=medium getvdens.f90
nvfortran-Warning-Only small, tiny and large code models are allowed on AArch64. The code model large will be used.

mpifort    -c -fast -mp -Mbyteswapio -mcmodel=medium remapbw.f90
nvfortran-Warning-Only small, tiny and large code models are allowed on AArch64. The code model large will be used.

mpifort    -c -fast -mp -Mbyteswapio -mcmodel=medium coalbw.f90
nvfortran-Warning-Only small, tiny and large code models are allowed on AArch64. The code model large will be used.

mpifort    -c -fast -mp -Mbyteswapio -mcmodel=medium depsitbw.f90
nvfortran-Warning-Only small, tiny and large code models are allowed on AArch64. The code model large will be used.

mpifort    -c -fast -mp -Mbyteswapio -mcmodel=medium termbw3d.f90
nvfortran-Warning-Only small, tiny and large code models are allowed on AArch64. The code model large will be used.

mpifort    -c -fast -mp -Mbyteswapio -mcmodel=medium upwnbin.f90
nvfortran-Warning-Only small, tiny and large code models are allowed on AArch64. The code model large will be used.

mpifort    -c -fast -mp -Mbyteswapio -mcmodel=medium upwmbin.f90
nvfortran-Warning-Only small, tiny and large code models are allowed on AArch64. The code model large will be used.

mpifort    -c -fast -mp -Mbyteswapio -mcmodel=medium fallbw.f90
nvfortran-Warning-Only small, tiny and large code models are allowed on AArch64. The code model large will be used.

mpifort    -c -fast -mp -Mbyteswapio -mcmodel=medium getta2d.f90
nvfortran-Warning-Only small, tiny and large code models are allowed on AArch64. The code model large will be used.

mpifort    -c -fast -mp -Mbyteswapio -mcmodel=medium getta3d.f90
nvfortran-Warning-Only small, tiny and large code models are allowed on AArch64. The code model large will be used.

mpifort    -c -fast -mp -Mbyteswapio -mcmodel=medium inidisbw.f90
nvfortran-Warning-Only small, tiny and large code models are allowed on AArch64. The code model large will be used.

mpifort    -c -fast -mp -Mbyteswapio -mcmodel=medium sadjstbw.f90
nvfortran-Warning-Only small, tiny and large code models are allowed on AArch64. The code model large will be used.

mpifort    -c -fast -mp -Mbyteswapio -mcmodel=medium sumbin.f90
nvfortran-Warning-Only small, tiny and large code models are allowed on AArch64. The code model large will be used.

mpifort    -c -fast -mp -Mbyteswapio -mcmodel=medium inibinbw.f90
nvfortran-Warning-Only small, tiny and large code models are allowed on AArch64. The code model large will be used.

mpifort    -c -fast -mp -Mbyteswapio -mcmodel=medium mk2cgbw.f90
nvfortran-Warning-Only small, tiny and large code models are allowed on AArch64. The code model large will be used.

mpifort    -c -fast -mp -Mbyteswapio -mcmodel=medium termbw2d.f90
nvfortran-Warning-Only small, tiny and large code models are allowed on AArch64. The code model large will be used.

mpifort    -c -fast -mp -Mbyteswapio -mcmodel=medium warmbin.f90
nvfortran-Warning-Only small, tiny and large code models are allowed on AArch64. The code model large will be used.

mpifort    -c -fast -mp -Mbyteswapio -mcmodel=medium collc2r.f90
nvfortran-Warning-Only small, tiny and large code models are allowed on AArch64. The code model large will be used.

mpifort    -c -fast -mp -Mbyteswapio -mcmodel=medium convc2r.f90
nvfortran-Warning-Only small, tiny and large code models are allowed on AArch64. The code model large will be used.

mpifort    -c -fast -mp -Mbyteswapio -mcmodel=medium evapr2v.f90
nvfortran-Warning-Only small, tiny and large code models are allowed on AArch64. The code model large will be used.

mpifort    -c -fast -mp -Mbyteswapio -mcmodel=medium fallqr.f90
nvfortran-Warning-Only small, tiny and large code models are allowed on AArch64. The code model large will be used.

mpifort    -c -fast -mp -Mbyteswapio -mcmodel=medium termqr.f90
nvfortran-Warning-Only small, tiny and large code models are allowed on AArch64. The code model large will be used.

mpifort    -c -fast -mp -Mbyteswapio -mcmodel=medium warmblk.f90
nvfortran-Warning-Only small, tiny and large code models are allowed on AArch64. The code model large will be used.

mpifort    -c -fast -mp -Mbyteswapio -mcmodel=medium cloudphy.f90
nvfortran-Warning-Only small, tiny and large code models are allowed on AArch64. The code model large will be used.

mpifort    -c -fast -mp -Mbyteswapio -mcmodel=medium cnt2phy.f90
nvfortran-Warning-Only small, tiny and large code models are allowed on AArch64. The code model large will be used.

mpifort    -c -fast -mp -Mbyteswapio -mcmodel=medium comcapt.f90
nvfortran-Warning-Only small, tiny and large code models are allowed on AArch64. The code model large will be used.

mpifort    -c -fast -mp -Mbyteswapio -mcmodel=medium comdays.f90
nvfortran-Warning-Only small, tiny and large code models are allowed on AArch64. The code model large will be used.

mpifort    -c -fast -mp -Mbyteswapio -mcmodel=medium comsave.f90
nvfortran-Warning-Only small, tiny and large code models are allowed on AArch64. The code model large will be used.

mpifort    -c -fast -mp -Mbyteswapio -mcmodel=medium convland.f90
nvfortran-Warning-Only small, tiny and large code models are allowed on AArch64. The code model large will be used.

mpifort    -c -fast -mp -Mbyteswapio -mcmodel=medium copy1d.f90
nvfortran-Warning-Only small, tiny and large code models are allowed on AArch64. The code model large will be used.

mpifort    -c -fast -mp -Mbyteswapio -mcmodel=medium copy2d.f90
nvfortran-Warning-Only small, tiny and large code models are allowed on AArch64. The code model large will be used.

mpifort    -c -fast -mp -Mbyteswapio -mcmodel=medium coriuv.f90
nvfortran-Warning-Only small, tiny and large code models are allowed on AArch64. The code model large will be used.

mpifort    -c -fast -mp -Mbyteswapio -mcmodel=medium coriuvw.f90
nvfortran-Warning-Only small, tiny and large code models are allowed on AArch64. The code model large will be used.

mpifort    -c -fast -mp -Mbyteswapio -mcmodel=medium lbculs.f90
nvfortran-Warning-Only small, tiny and large code models are allowed on AArch64. The code model large will be used.

mpifort    -c -fast -mp -Mbyteswapio -mcmodel=medium hculs.f90
nvfortran-Warning-Only small, tiny and large code models are allowed on AArch64. The code model large will be used.

mpifort    -c -fast -mp -Mbyteswapio -mcmodel=medium lbculu.f90
nvfortran-Warning-Only small, tiny and large code models are allowed on AArch64. The code model large will be used.

mpifort    -c -fast -mp -Mbyteswapio -mcmodel=medium lbculv.f90
nvfortran-Warning-Only small, tiny and large code models are allowed on AArch64. The code model large will be used.

mpifort    -c -fast -mp -Mbyteswapio -mcmodel=medium lbculw.f90
nvfortran-Warning-Only small, tiny and large code models are allowed on AArch64. The code model large will be used.

mpifort    -c -fast -mp -Mbyteswapio -mcmodel=medium hculuvw.f90
nvfortran-Warning-Only small, tiny and large code models are allowed on AArch64. The code model large will be used.

mpifort    -c -fast -mp -Mbyteswapio -mcmodel=medium lbcs.f90
nvfortran-Warning-Only small, tiny and large code models are allowed on AArch64. The code model large will be used.

mpifort    -c -fast -mp -Mbyteswapio -mcmodel=medium lbcu.f90
nvfortran-Warning-Only small, tiny and large code models are allowed on AArch64. The code model large will be used.

mpifort    -c -fast -mp -Mbyteswapio -mcmodel=medium lbcv.f90
nvfortran-Warning-Only small, tiny and large code models are allowed on AArch64. The code model large will be used.

mpifort    -c -fast -mp -Mbyteswapio -mcmodel=medium lbcw.f90
nvfortran-Warning-Only small, tiny and large code models are allowed on AArch64. The code model large will be used.

mpifort    -c -fast -mp -Mbyteswapio -mcmodel=medium lbcwc.f90
nvfortran-Warning-Only small, tiny and large code models are allowed on AArch64. The code model large will be used.

mpifort    -c -fast -mp -Mbyteswapio -mcmodel=medium vbcwc.f90
nvfortran-Warning-Only small, tiny and large code models are allowed on AArch64. The code model large will be used.

mpifort    -c -fast -mp -Mbyteswapio -mcmodel=medium phy2cnt.f90
nvfortran-Warning-Only small, tiny and large code models are allowed on AArch64. The code model large will be used.

mpifort    -c -fast -mp -Mbyteswapio -mcmodel=medium var8w8s.f90
nvfortran-Warning-Only small, tiny and large code models are allowed on AArch64. The code model large will be used.

mpifort    -c -fast -mp -Mbyteswapio -mcmodel=medium vbcp.f90
nvfortran-Warning-Only small, tiny and large code models are allowed on AArch64. The code model large will be used.

mpifort    -c -fast -mp -Mbyteswapio -mcmodel=medium vbcqcg.f90
nvfortran-Warning-Only small, tiny and large code models are allowed on AArch64. The code model large will be used.

mpifort    -c -fast -mp -Mbyteswapio -mcmodel=medium vbcs.f90
nvfortran-Warning-Only small, tiny and large code models are allowed on AArch64. The code model large will be used.

mpifort    -c -fast -mp -Mbyteswapio -mcmodel=medium vbcu.f90
nvfortran-Warning-Only small, tiny and large code models are allowed on AArch64. The code model large will be used.

mpifort    -c -fast -mp -Mbyteswapio -mcmodel=medium vbcv.f90
nvfortran-Warning-Only small, tiny and large code models are allowed on AArch64. The code model large will be used.

mpifort    -c -fast -mp -Mbyteswapio -mcmodel=medium vbcw.f90
nvfortran-Warning-Only small, tiny and large code models are allowed on AArch64. The code model large will be used.

mpifort    -c -fast -mp -Mbyteswapio -mcmodel=medium vculs.f90
nvfortran-Warning-Only small, tiny and large code models are allowed on AArch64. The code model large will be used.

mpifort    -c -fast -mp -Mbyteswapio -mcmodel=medium vculs0.f90
nvfortran-Warning-Only small, tiny and large code models are allowed on AArch64. The code model large will be used.

mpifort    -c -fast -mp -Mbyteswapio -mcmodel=medium vculuvw.f90
nvfortran-Warning-Only small, tiny and large code models are allowed on AArch64. The code model large will be used.

mpifort    -c -fast -mp -Mbyteswapio -mcmodel=medium stepcul.f90
nvfortran-Warning-Only small, tiny and large code models are allowed on AArch64. The code model large will be used.

mpifort    -c -fast -mp -Mbyteswapio -mcmodel=medium culintg.f90
nvfortran-Warning-Only small, tiny and large code models are allowed on AArch64. The code model large will be used.

mpifort    -c -fast -mp -Mbyteswapio -mcmodel=medium currpe.f90
nvfortran-Warning-Only small, tiny and large code models are allowed on AArch64. The code model large will be used.

mpifort    -c -fast -mp -Mbyteswapio -mcmodel=medium curveuvw.f90
nvfortran-Warning-Only small, tiny and large code models are allowed on AArch64. The code model large will be used.

mpifort    -c -fast -mp -Mbyteswapio -mcmodel=medium dbz2kg.f90
nvfortran-Warning-Only small, tiny and large code models are allowed on AArch64. The code model large will be used.

mpifort    -c -fast -mp -Mbyteswapio -mcmodel=medium defdim.f90
nvfortran-Warning-Only small, tiny and large code models are allowed on AArch64. The code model large will be used.

mpifort    -c -fast -mp -Mbyteswapio -mcmodel=medium defomssq.f90
nvfortran-Warning-Only small, tiny and large code models are allowed on AArch64. The code model large will be used.

mpifort    -c -fast -mp -Mbyteswapio -mcmodel=medium defomten.f90
nvfortran-Warning-Only small, tiny and large code models are allowed on AArch64. The code model large will be used.

mpifort    -c -fast -mp -Mbyteswapio -mcmodel=medium smoo2p.f90
nvfortran-Warning-Only small, tiny and large code models are allowed on AArch64. The code model large will be used.

mpifort    -c -fast -mp -Mbyteswapio -mcmodel=medium smoo4p.f90
nvfortran-Warning-Only small, tiny and large code models are allowed on AArch64. The code model large will be used.

mpifort    -c -fast -mp -Mbyteswapio -mcmodel=medium diabat.f90
nvfortran-Warning-Only small, tiny and large code models are allowed on AArch64. The code model large will be used.

mpifort    -c -fast -mp -Mbyteswapio -mcmodel=medium diagnci.f90
nvfortran-Warning-Only small, tiny and large code models are allowed on AArch64. The code model large will be used.

mpifort    -c -fast -mp -Mbyteswapio -mcmodel=medium diagni.f90
nvfortran-Warning-Only small, tiny and large code models are allowed on AArch64. The code model large will be used.

mpifort    -c -fast -mp -Mbyteswapio -mcmodel=medium diffequa.f90
nvfortran-Warning-Only small, tiny and large code models are allowed on AArch64. The code model large will be used.

mpifort    -c -fast -mp -Mbyteswapio -mcmodel=medium disptke.f90
nvfortran-Warning-Only small, tiny and large code models are allowed on AArch64. The code model large will be used.

mpifort    -c -fast -mp -Mbyteswapio -mcmodel=medium distrqp.f90
nvfortran-Warning-Only small, tiny and large code models are allowed on AArch64. The code model large will be used.

mpifort    -c -fast -mp -Mbyteswapio -mcmodel=medium diver2d.f90
nvfortran-Warning-Only small, tiny and large code models are allowed on AArch64. The code model large will be used.

mpifort    -c -fast -mp -Mbyteswapio -mcmodel=medium diver3d.f90
nvfortran-Warning-Only small, tiny and large code models are allowed on AArch64. The code model large will be used.

mpifort    -c -fast -mp -Mbyteswapio -mcmodel=medium diverpe.f90
nvfortran-Warning-Only small, tiny and large code models are allowed on AArch64. The code model large will be used.

mpifort    -c -fast -mp -Mbyteswapio -mcmodel=medium diverpih.f90
nvfortran-Warning-Only small, tiny and large code models are allowed on AArch64. The code model large will be used.

mpifort    -c -fast -mp -Mbyteswapio -mcmodel=medium diverpiv.f90
nvfortran-Warning-Only small, tiny and large code models are allowed on AArch64. The code model large will be used.

mpifort    -c -fast -mp -Mbyteswapio -mcmodel=medium eddydif.f90
nvfortran-Warning-Only small, tiny and large code models are allowed on AArch64. The code model large will be used.

mpifort    -c -fast -mp -Mbyteswapio -mcmodel=medium eddypbl.f90
nvfortran-Warning-Only small, tiny and large code models are allowed on AArch64. The code model large will be used.

mpifort    -c -fast -mp -Mbyteswapio -mcmodel=medium eddyvis.f90
nvfortran-Warning-Only small, tiny and large code models are allowed on AArch64. The code model large will be used.

mpifort    -c -fast -mp -Mbyteswapio -mcmodel=medium eddyvisj.f90
nvfortran-Warning-Only small, tiny and large code models are allowed on AArch64. The code model large will be used.

mpifort    -c -fast -mp -Mbyteswapio -mcmodel=medium getxy.f90
nvfortran-Warning-Only small, tiny and large code models are allowed on AArch64. The code model large will be used.

mpifort    -c -fast -mp -Mbyteswapio -mcmodel=medium emitqt.f90
nvfortran-Warning-Only small, tiny and large code models are allowed on AArch64. The code model large will be used.

mpifort    -c -fast -mp -Mbyteswapio -mcmodel=medium exbcpt.f90
nvfortran-Warning-Only small, tiny and large code models are allowed on AArch64. The code model large will be used.

mpifort    -c -fast -mp -Mbyteswapio -mcmodel=medium exbcq.f90
nvfortran-Warning-Only small, tiny and large code models are allowed on AArch64. The code model large will be used.

mpifort    -c -fast -mp -Mbyteswapio -mcmodel=medium exbcss.f90
nvfortran-Warning-Only small, tiny and large code models are allowed on AArch64. The code model large will be used.

mpifort    -c -fast -mp -Mbyteswapio -mcmodel=medium exbcu.f90
nvfortran-Warning-Only small, tiny and large code models are allowed on AArch64. The code model large will be used.

mpifort    -c -fast -mp -Mbyteswapio -mcmodel=medium exbcv.f90
nvfortran-Warning-Only small, tiny and large code models are allowed on AArch64. The code model large will be used.

mpifort    -c -fast -mp -Mbyteswapio -mcmodel=medium exbcw.f90
nvfortran-Warning-Only small, tiny and large code models are allowed on AArch64. The code model large will be used.

mpifort    -c -fast -mp -Mbyteswapio -mcmodel=medium lspp.f90
nvfortran-Warning-Only small, tiny and large code models are allowed on AArch64. The code model large will be used.

mpifort    -c -fast -mp -Mbyteswapio -mcmodel=medium p2gpv.f90
nvfortran-Warning-Only small, tiny and large code models are allowed on AArch64. The code model large will be used.

mpifort    -c -fast -mp -Mbyteswapio -mcmodel=medium vspp.f90
nvfortran-Warning-Only small, tiny and large code models are allowed on AArch64. The code model large will be used.

mpifort    -c -fast -mp -Mbyteswapio -mcmodel=medium forcep.f90
nvfortran-Warning-Only small, tiny and large code models are allowed on AArch64. The code model large will be used.

mpifort    -c -fast -mp -Mbyteswapio -mcmodel=medium lsps.f90
nvfortran-Warning-Only small, tiny and large code models are allowed on AArch64. The code model large will be used.

mpifort    -c -fast -mp -Mbyteswapio -mcmodel=medium nlsms.f90
nvfortran-Warning-Only small, tiny and large code models are allowed on AArch64. The code model large will be used.

mpifort    -c -fast -mp -Mbyteswapio -mcmodel=medium s2gpv.f90
nvfortran-Warning-Only small, tiny and large code models are allowed on AArch64. The code model large will be used.

mpifort    -c -fast -mp -Mbyteswapio -mcmodel=medium smoo2s.f90
nvfortran-Warning-Only small, tiny and large code models are allowed on AArch64. The code model large will be used.

mpifort    -c -fast -mp -Mbyteswapio -mcmodel=medium smoo4s.f90
nvfortran-Warning-Only small, tiny and large code models are allowed on AArch64. The code model large will be used.

mpifort    -c -fast -mp -Mbyteswapio -mcmodel=medium turbflx.f90
nvfortran-Warning-Only small, tiny and large code models are allowed on AArch64. The code model large will be used.

mpifort    -c -fast -mp -Mbyteswapio -mcmodel=medium turbs.f90
nvfortran-Warning-Only small, tiny and large code models are allowed on AArch64. The code model large will be used.

mpifort    -c -fast -mp -Mbyteswapio -mcmodel=medium vsps.f90
nvfortran-Warning-Only small, tiny and large code models are allowed on AArch64. The code model large will be used.

mpifort    -c -fast -mp -Mbyteswapio -mcmodel=medium forcept.f90
nvfortran-Warning-Only small, tiny and large code models are allowed on AArch64. The code model large will be used.

mpifort    -c -fast -mp -Mbyteswapio -mcmodel=medium lsps0.f90
nvfortran-Warning-Only small, tiny and large code models are allowed on AArch64. The code model large will be used.

mpifort    -c -fast -mp -Mbyteswapio -mcmodel=medium qp2rdr.f90
nvfortran-Warning-Only small, tiny and large code models are allowed on AArch64. The code model large will be used.

mpifort    -c -fast -mp -Mbyteswapio -mcmodel=medium vsps0.f90
nvfortran-Warning-Only small, tiny and large code models are allowed on AArch64. The code model large will be used.

mpifort    -c -fast -mp -Mbyteswapio -mcmodel=medium forceq.f90
nvfortran-Warning-Only small, tiny and large code models are allowed on AArch64. The code model large will be used.

mpifort    -c -fast -mp -Mbyteswapio -mcmodel=medium forceqa.f90
nvfortran-Warning-Only small, tiny and large code models are allowed on AArch64. The code model large will be used.

mpifort    -c -fast -mp -Mbyteswapio -mcmodel=medium forceqcg.f90
nvfortran-Warning-Only small, tiny and large code models are allowed on AArch64. The code model large will be used.

mpifort    -c -fast -mp -Mbyteswapio -mcmodel=medium forceqt.f90
nvfortran-Warning-Only small, tiny and large code models are allowed on AArch64. The code model large will be used.

mpifort    -c -fast -mp -Mbyteswapio -mcmodel=medium lspqv.f90
nvfortran-Warning-Only small, tiny and large code models are allowed on AArch64. The code model large will be used.

mpifort    -c -fast -mp -Mbyteswapio -mcmodel=medium nlsmqv.f90
nvfortran-Warning-Only small, tiny and large code models are allowed on AArch64. The code model large will be used.

mpifort    -c -fast -mp -Mbyteswapio -mcmodel=medium smoo2qv.f90
nvfortran-Warning-Only small, tiny and large code models are allowed on AArch64. The code model large will be used.

mpifort    -c -fast -mp -Mbyteswapio -mcmodel=medium smoo4qv.f90
nvfortran-Warning-Only small, tiny and large code models are allowed on AArch64. The code model large will be used.

mpifort    -c -fast -mp -Mbyteswapio -mcmodel=medium vspqv.f90
nvfortran-Warning-Only small, tiny and large code models are allowed on AArch64. The code model large will be used.

mpifort    -c -fast -mp -Mbyteswapio -mcmodel=medium forceqv.f90
nvfortran-Warning-Only small, tiny and large code models are allowed on AArch64. The code model large will be used.

mpifort    -c -fast -mp -Mbyteswapio -mcmodel=medium kh8uv.f90
nvfortran-Warning-Only small, tiny and large code models are allowed on AArch64. The code model large will be used.

mpifort    -c -fast -mp -Mbyteswapio -mcmodel=medium getetop.f90
nvfortran-Warning-Only small, tiny and large code models are allowed on AArch64. The code model large will be used.

mpifort    -c -fast -mp -Mbyteswapio -mcmodel=medium getqvs.f90
nvfortran-Warning-Only small, tiny and large code models are allowed on AArch64. The code model large will be used.

mpifort    -c -fast -mp -Mbyteswapio -mcmodel=medium gettlcl.f90
nvfortran-Warning-Only small, tiny and large code models are allowed on AArch64. The code model large will be used.

mpifort    -c -fast -mp -Mbyteswapio -mcmodel=medium qv2rdr.f90
nvfortran-Warning-Only small, tiny and large code models are allowed on AArch64. The code model large will be used.

mpifort    -c -fast -mp -Mbyteswapio -mcmodel=medium ndgsat.f90
nvfortran-Warning-Only small, tiny and large code models are allowed on AArch64. The code model large will be used.

mpifort    -c -fast -mp -Mbyteswapio -mcmodel=medium forces.f90
nvfortran-Warning-Only small, tiny and large code models are allowed on AArch64. The code model large will be used.

mpifort    -c -fast -mp -Mbyteswapio -mcmodel=medium sheartke.f90
nvfortran-Warning-Only small, tiny and large code models are allowed on AArch64. The code model large will be used.

mpifort    -c -fast -mp -Mbyteswapio -mcmodel=medium tkeflx.f90
nvfortran-Warning-Only small, tiny and large code models are allowed on AArch64. The code model large will be used.

mpifort    -c -fast -mp -Mbyteswapio -mcmodel=medium turbtke.f90
nvfortran-Warning-Only small, tiny and large code models are allowed on AArch64. The code model large will be used.

mpifort    -c -fast -mp -Mbyteswapio -mcmodel=medium forcetke.f90
nvfortran-Warning-Only small, tiny and large code models are allowed on AArch64. The code model large will be used.

mpifort    -c -fast -mp -Mbyteswapio -mcmodel=medium lspuvw.f90
nvfortran-Warning-Only small, tiny and large code models are allowed on AArch64. The code model large will be used.

mpifort    -c -fast -mp -Mbyteswapio -mcmodel=medium nlsmuvw.f90
nvfortran-Warning-Only small, tiny and large code models are allowed on AArch64. The code model large will be used.

mpifort    -c -fast -mp -Mbyteswapio -mcmodel=medium rstuvwc.f90
nvfortran-Warning-Only small, tiny and large code models are allowed on AArch64. The code model large will be used.

mpifort    -c -fast -mp -Mbyteswapio -mcmodel=medium smoo2uvw.f90
nvfortran-Warning-Only small, tiny and large code models are allowed on AArch64. The code model large will be used.

mpifort    -c -fast -mp -Mbyteswapio -mcmodel=medium smoo4uvw.f90
nvfortran-Warning-Only small, tiny and large code models are allowed on AArch64. The code model large will be used.

mpifort    -c -fast -mp -Mbyteswapio -mcmodel=medium strsten.f90
nvfortran-Warning-Only small, tiny and large code models are allowed on AArch64. The code model large will be used.

mpifort    -c -fast -mp -Mbyteswapio -mcmodel=medium turbuvw.f90
nvfortran-Warning-Only small, tiny and large code models are allowed on AArch64. The code model large will be used.

mpifort    -c -fast -mp -Mbyteswapio -mcmodel=medium turbdrv.f90
nvfortran-Warning-Only small, tiny and large code models are allowed on AArch64. The code model large will be used.

mpifort    -c -fast -mp -Mbyteswapio -mcmodel=medium uvw2gpv.f90
nvfortran-Warning-Only small, tiny and large code models are allowed on AArch64. The code model large will be used.

mpifort    -c -fast -mp -Mbyteswapio -mcmodel=medium uvw2rdr.f90
nvfortran-Warning-Only small, tiny and large code models are allowed on AArch64. The code model large will be used.

mpifort    -c -fast -mp -Mbyteswapio -mcmodel=medium vspuvw.f90
nvfortran-Warning-Only small, tiny and large code models are allowed on AArch64. The code model large will be used.

mpifort    -c -fast -mp -Mbyteswapio -mcmodel=medium forceuvw.f90
nvfortran-Warning-Only small, tiny and large code models are allowed on AArch64. The code model large will be used.

mpifort    -c -fast -mp -Mbyteswapio -mcmodel=medium initke.f90
nvfortran-Warning-Only small, tiny and large code models are allowed on AArch64. The code model large will be used.

mpifort    -c -fast -mp -Mbyteswapio -mcmodel=medium forcedrv.f90
nvfortran-Warning-Only small, tiny and large code models are allowed on AArch64. The code model large will be used.

mpifort    -c -fast -mp -Mbyteswapio -mcmodel=medium pgrad.f90
nvfortran-Warning-Only small, tiny and large code models are allowed on AArch64. The code model large will be used.

mpifort    -c -fast -mp -Mbyteswapio -mcmodel=medium rbcss.f90
nvfortran-Warning-Only small, tiny and large code models are allowed on AArch64. The code model large will be used.

mpifort    -c -fast -mp -Mbyteswapio -mcmodel=medium steppe.f90
nvfortran-Warning-Only small, tiny and large code models are allowed on AArch64. The code model large will be used.

mpifort    -c -fast -mp -Mbyteswapio -mcmodel=medium steppts.f90
nvfortran-Warning-Only small, tiny and large code models are allowed on AArch64. The code model large will be used.

mpifort    -c -fast -mp -Mbyteswapio -mcmodel=medium rbcu.f90
nvfortran-Warning-Only small, tiny and large code models are allowed on AArch64. The code model large will be used.

mpifort    -c -fast -mp -Mbyteswapio -mcmodel=medium rbcv.f90
nvfortran-Warning-Only small, tiny and large code models are allowed on AArch64. The code model large will be used.

mpifort    -c -fast -mp -Mbyteswapio -mcmodel=medium stepuv.f90
nvfortran-Warning-Only small, tiny and large code models are allowed on AArch64. The code model large will be used.

mpifort    -c -fast -mp -Mbyteswapio -mcmodel=medium rbcw.f90
nvfortran-Warning-Only small, tiny and large code models are allowed on AArch64. The code model large will be used.

mpifort    -c -fast -mp -Mbyteswapio -mcmodel=medium stepwe.f90
nvfortran-Warning-Only small, tiny and large code models are allowed on AArch64. The code model large will be used.

mpifort    -c -fast -mp -Mbyteswapio -mcmodel=medium heve.f90
nvfortran-Warning-Only small, tiny and large code models are allowed on AArch64. The code model large will be used.

mpifort    -c -fast -mp -Mbyteswapio -mcmodel=medium pgradiv.f90
nvfortran-Warning-Only small, tiny and large code models are allowed on AArch64. The code model large will be used.

mpifort    -c -fast -mp -Mbyteswapio -mcmodel=medium steppi.f90
nvfortran-Warning-Only small, tiny and large code models are allowed on AArch64. The code model large will be used.

mpifort    -c -fast -mp -Mbyteswapio -mcmodel=medium gaussel.f90
nvfortran-Warning-Only small, tiny and large code models are allowed on AArch64. The code model large will be used.

mpifort    -c -fast -mp -Mbyteswapio -mcmodel=medium gseidel.f90
nvfortran-Warning-Only small, tiny and large code models are allowed on AArch64. The code model large will be used.

mpifort    -c -fast -mp -Mbyteswapio -mcmodel=medium stepwi.f90
nvfortran-Warning-Only small, tiny and large code models are allowed on AArch64. The code model large will be used.

mpifort    -c -fast -mp -Mbyteswapio -mcmodel=medium hevi.f90
nvfortran-Warning-Only small, tiny and large code models are allowed on AArch64. The code model large will be used.

mpifort    -c -fast -mp -Mbyteswapio -mcmodel=medium smalldrv.f90
nvfortran-Warning-Only small, tiny and large code models are allowed on AArch64. The code model large will be used.

mpifort    -c -fast -mp -Mbyteswapio -mcmodel=medium rbcpt.f90
nvfortran-Warning-Only small, tiny and large code models are allowed on AArch64. The code model large will be used.

mpifort    -c -fast -mp -Mbyteswapio -mcmodel=medium rbcq.f90
nvfortran-Warning-Only small, tiny and large code models are allowed on AArch64. The code model large will be used.

mpifort    -c -fast -mp -Mbyteswapio -mcmodel=medium rbcqv.f90
nvfortran-Warning-Only small, tiny and large code models are allowed on AArch64. The code model large will be used.

mpifort    -c -fast -mp -Mbyteswapio -mcmodel=medium rbcs.f90
nvfortran-Warning-Only small, tiny and large code models are allowed on AArch64. The code model large will be used.

mpifort    -c -fast -mp -Mbyteswapio -mcmodel=medium rbcs0.f90
nvfortran-Warning-Only small, tiny and large code models are allowed on AArch64. The code model large will be used.

mpifort    -c -fast -mp -Mbyteswapio -mcmodel=medium steps.f90
nvfortran-Warning-Only small, tiny and large code models are allowed on AArch64. The code model large will be used.

mpifort    -c -fast -mp -Mbyteswapio -mcmodel=medium fdmdrv.f90
nvfortran-Warning-Only small, tiny and large code models are allowed on AArch64. The code model large will be used.

mpifort    -c -fast -mp -Mbyteswapio -mcmodel=medium fituvwc.f90
nvfortran-Warning-Only small, tiny and large code models are allowed on AArch64. The code model large will be used.

mpifort    -c -fast -mp -Mbyteswapio -mcmodel=medium forcesfc.f90
nvfortran-Warning-Only small, tiny and large code models are allowed on AArch64. The code model large will be used.

mpifort    -c -fast -mp -Mbyteswapio -mcmodel=medium getarea.f90
nvfortran-Warning-Only small, tiny and large code models are allowed on AArch64. The code model large will be used.

mpifort    -c -fast -mp -Mbyteswapio -mcmodel=medium getdate.f90
nvfortran-Warning-Only small, tiny and large code models are allowed on AArch64. The code model large will be used.

mpifort    -c -fast -mp -Mbyteswapio -mcmodel=medium getgamma.f90
nvfortran-Warning-Only small, tiny and large code models are allowed on AArch64. The code model large will be used.

mpifort    -c -fast -mp -Mbyteswapio -mcmodel=medium getmxn.f90
nvfortran-Warning-Only small, tiny and large code models are allowed on AArch64. The code model large will be used.

mpifort    -c -fast -mp -Mbyteswapio -mcmodel=medium getname.f90
nvfortran-Warning-Only small, tiny and large code models are allowed on AArch64. The code model large will be used.

mpifort    -c -fast -mp -Mbyteswapio -mcmodel=medium getpt0.f90
nvfortran-Warning-Only small, tiny and large code models are allowed on AArch64. The code model large will be used.

mpifort    -c -fast -mp -Mbyteswapio -mcmodel=medium getqt0.f90
nvfortran-Warning-Only small, tiny and large code models are allowed on AArch64. The code model large will be used.

mpifort    -c -fast -mp -Mbyteswapio -mcmodel=medium getrich.f90
nvfortran-Warning-Only small, tiny and large code models are allowed on AArch64. The code model large will be used.

mpifort    -c -fast -mp -Mbyteswapio -mcmodel=medium ll2xy.f90
nvfortran-Warning-Only small, tiny and large code models are allowed on AArch64. The code model large will be used.

mpifort    -c -fast -mp -Mbyteswapio -mcmodel=medium xy2ij.f90
nvfortran-Warning-Only small, tiny and large code models are allowed on AArch64. The code model large will be used.

mpifort    -c -fast -mp -Mbyteswapio -mcmodel=medium xy2ll.f90
nvfortran-Warning-Only small, tiny and large code models are allowed on AArch64. The code model large will be used.

mpifort    -c -fast -mp -Mbyteswapio -mcmodel=medium getrij.f90
nvfortran-Warning-Only small, tiny and large code models are allowed on AArch64. The code model large will be used.

mpifort    -c -fast -mp -Mbyteswapio -mcmodel=medium gettime.f90
nvfortran-Warning-Only small, tiny and large code models are allowed on AArch64. The code model large will be used.

mpifort    -c -fast -mp -Mbyteswapio -mcmodel=medium rdtrn.f90
nvfortran-Warning-Only small, tiny and large code models are allowed on AArch64. The code model large will be used.

mpifort    -c -fast -mp -Mbyteswapio -mcmodel=medium gettrn.f90
nvfortran-Warning-Only small, tiny and large code models are allowed on AArch64. The code model large will be used.

mpifort    -c -fast -mp -Mbyteswapio -mcmodel=medium getz.f90
nvfortran-Warning-Only small, tiny and large code models are allowed on AArch64. The code model large will be used.

mpifort    -c -fast -mp -Mbyteswapio -mcmodel=medium getzlow.f90
nvfortran-Warning-Only small, tiny and large code models are allowed on AArch64. The code model large will be used.

mpifort    -c -fast -mp -Mbyteswapio -mcmodel=medium gsmoos.f90
nvfortran-Warning-Only small, tiny and large code models are allowed on AArch64. The code model large will be used.

mpifort    -c -fast -mp -Mbyteswapio -mcmodel=medium gsmoou.f90
nvfortran-Warning-Only small, tiny and large code models are allowed on AArch64. The code model large will be used.

mpifort    -c -fast -mp -Mbyteswapio -mcmodel=medium gsmoov.f90
nvfortran-Warning-Only small, tiny and large code models are allowed on AArch64. The code model large will be used.

mpifort    -c -fast -mp -Mbyteswapio -mcmodel=medium gsmoow.f90
nvfortran-Warning-Only small, tiny and large code models are allowed on AArch64. The code model large will be used.

mpifort    -c -fast -mp -Mbyteswapio -mcmodel=medium heatsfc.f90
nvfortran-Warning-Only small, tiny and large code models are allowed on AArch64. The code model large will be used.

mpifort    -c -fast -mp -Mbyteswapio -mcmodel=medium hintrdr.f90
nvfortran-Warning-Only small, tiny and large code models are allowed on AArch64. The code model large will be used.

mpifort    -c -fast -mp -Mbyteswapio -mcmodel=medium inidef.f90
nvfortran-Warning-Only small, tiny and large code models are allowed on AArch64. The code model large will be used.

mpifort    -c -fast -mp -Mbyteswapio -mcmodel=medium inimod.f90
nvfortran-Warning-Only small, tiny and large code models are allowed on AArch64. The code model large will be used.

mpifort    -c -fast -mp -Mbyteswapio -mcmodel=medium outstd01.f90
nvfortran-Warning-Only small, tiny and large code models are allowed on AArch64. The code model large will be used.

mpifort    -c -fast -mp -Mbyteswapio -mcmodel=medium inimpi_multi.f90
nvfortran-Warning-Only small, tiny and large code models are allowed on AArch64. The code model large will be used.

mpifort    -c -fast -mp -Mbyteswapio -mcmodel=medium rdsfc.f90
nvfortran-Warning-Only small, tiny and large code models are allowed on AArch64. The code model large will be used.

mpifort    -c -fast -mp -Mbyteswapio -mcmodel=medium inisfc.f90
nvfortran-Warning-Only small, tiny and large code models are allowed on AArch64. The code model large will be used.

mpifort    -c -fast -mp -Mbyteswapio -mcmodel=medium rdsstini.f90
nvfortran-Warning-Only small, tiny and large code models are allowed on AArch64. The code model large will be used.

mpifort    -c -fast -mp -Mbyteswapio -mcmodel=medium rdtund.f90
nvfortran-Warning-Only small, tiny and large code models are allowed on AArch64. The code model large will be used.

mpifort    -c -fast -mp -Mbyteswapio -mcmodel=medium initund.f90
nvfortran-Warning-Only small, tiny and large code models are allowed on AArch64. The code model large will be used.

mpifort    -c -fast -mp -Mbyteswapio -mcmodel=medium var8w8u.f90
nvfortran-Warning-Only small, tiny and large code models are allowed on AArch64. The code model large will be used.

mpifort    -c -fast -mp -Mbyteswapio -mcmodel=medium var8w8v.f90
nvfortran-Warning-Only small, tiny and large code models are allowed on AArch64. The code model large will be used.

mpifort    -c -fast -mp -Mbyteswapio -mcmodel=medium vint13.f90
nvfortran-Warning-Only small, tiny and large code models are allowed on AArch64. The code model large will be used.

mpifort    -c -fast -mp -Mbyteswapio -mcmodel=medium intrpsnd.f90
nvfortran-Warning-Only small, tiny and large code models are allowed on AArch64. The code model large will be used.

mpifort    -c -fast -mp -Mbyteswapio -mcmodel=medium lspdmp.f90
nvfortran-Warning-Only small, tiny and large code models are allowed on AArch64. The code model large will be used.

mpifort    -c -fast -mp -Mbyteswapio -mcmodel=medium move2d.f90
nvfortran-Warning-Only small, tiny and large code models are allowed on AArch64. The code model large will be used.

mpifort    -c -fast -mp -Mbyteswapio -mcmodel=medium outcap.f90
nvfortran-Warning-Only small, tiny and large code models are allowed on AArch64. The code model large will be used.

mpifort    -c -fast -mp -Mbyteswapio -mcmodel=medium outstd10.f90
nvfortran-Warning-Only small, tiny and large code models are allowed on AArch64. The code model large will be used.

mpifort    -c -fast -mp -Mbyteswapio -mcmodel=medium outgeo.f90
nvfortran-Warning-Only small, tiny and large code models are allowed on AArch64. The code model large will be used.

mpifort    -c -fast -mp -Mbyteswapio -mcmodel=medium smooasl.f90
nvfortran-Warning-Only small, tiny and large code models are allowed on AArch64. The code model large will be used.

mpifort    -c -fast -mp -Mbyteswapio -mcmodel=medium rdaslini.f90
nvfortran-Warning-Only small, tiny and large code models are allowed on AArch64. The code model large will be used.

mpifort    -c -fast -mp -Mbyteswapio -mcmodel=medium smoogpv.f90
nvfortran-Warning-Only small, tiny and large code models are allowed on AArch64. The code model large will be used.

mpifort    -c -fast -mp -Mbyteswapio -mcmodel=medium rdgpvini.f90
nvfortran-Warning-Only small, tiny and large code models are allowed on AArch64. The code model large will be used.

mpifort    -c -fast -mp -Mbyteswapio -mcmodel=medium rdres.f90
nvfortran-Warning-Only small, tiny and large code models are allowed on AArch64. The code model large will be used.

mpifort    -c -fast -mp -Mbyteswapio -mcmodel=medium rdsnd.f90
nvfortran-Warning-Only small, tiny and large code models are allowed on AArch64. The code model large will be used.

mpifort    -c -fast -mp -Mbyteswapio -mcmodel=medium vextlow.f90
nvfortran-Warning-Only small, tiny and large code models are allowed on AArch64. The code model large will be used.

mpifort    -c -fast -mp -Mbyteswapio -mcmodel=medium set1d.f90
nvfortran-Warning-Only small, tiny and large code models are allowed on AArch64. The code model large will be used.

mpifort    -c -fast -mp -Mbyteswapio -mcmodel=medium setbase.f90
nvfortran-Warning-Only small, tiny and large code models are allowed on AArch64. The code model large will be used.

mpifort    -c -fast -mp -Mbyteswapio -mcmodel=medium setbin.f90
nvfortran-Warning-Only small, tiny and large code models are allowed on AArch64. The code model large will be used.

mpifort    -c -fast -mp -Mbyteswapio -mcmodel=medium shift2nd.f90
nvfortran-Warning-Only small, tiny and large code models are allowed on AArch64. The code model large will be used.

mpifort    -c -fast -mp -Mbyteswapio -mcmodel=medium setvar1d.f90
nvfortran-Warning-Only small, tiny and large code models are allowed on AArch64. The code model large will be used.

mpifort    -c -fast -mp -Mbyteswapio -mcmodel=medium setvar3d.f90
nvfortran-Warning-Only small, tiny and large code models are allowed on AArch64. The code model large will be used.

mpifort    -c -fast -mp -Mbyteswapio -mcmodel=medium sndwave.f90
nvfortran-Warning-Only small, tiny and large code models are allowed on AArch64. The code model large will be used.

mpifort    -c -fast -mp -Mbyteswapio -mcmodel=medium vint11.f90
nvfortran-Warning-Only small, tiny and large code models are allowed on AArch64. The code model large will be used.

mpifort    -c -fast -mp -Mbyteswapio -mcmodel=medium vintsnd.f90
nvfortran-Warning-Only small, tiny and large code models are allowed on AArch64. The code model large will be used.

mpifort    -c -fast -mp -Mbyteswapio -mcmodel=medium vspdmp.f90
nvfortran-Warning-Only small, tiny and large code models are allowed on AArch64. The code model large will be used.

mpifort    -c -fast -mp -Mbyteswapio -mcmodel=medium inivar.f90
nvfortran-Warning-Only small, tiny and large code models are allowed on AArch64. The code model large will be used.

mpifort    -c -fast -mp -Mbyteswapio -mcmodel=medium instvel.f90
nvfortran-Warning-Only small, tiny and large code models are allowed on AArch64. The code model large will be used.

mpifort    -c -fast -mp -Mbyteswapio -mcmodel=medium phvuvw.f90
nvfortran-Warning-Only small, tiny and large code models are allowed on AArch64. The code model large will be used.

mpifort    -c -fast -mp -Mbyteswapio -mcmodel=medium phvs.f90
nvfortran-Warning-Only small, tiny and large code models are allowed on AArch64. The code model large will be used.

mpifort    -c -fast -mp -Mbyteswapio -mcmodel=medium phasev.f90
nvfortran-Warning-Only small, tiny and large code models are allowed on AArch64. The code model large will be used.

mpifort    -c -fast -mp -Mbyteswapio -mcmodel=medium phvbcuvw.f90
nvfortran-Warning-Only small, tiny and large code models are allowed on AArch64. The code model large will be used.

mpifort    -c -fast -mp -Mbyteswapio -mcmodel=medium phvbcs.f90
nvfortran-Warning-Only small, tiny and large code models are allowed on AArch64. The code model large will be used.

mpifort    -c -fast -mp -Mbyteswapio -mcmodel=medium phasevbc.f90
nvfortran-Warning-Only small, tiny and large code models are allowed on AArch64. The code model large will be used.

mpifort    -c -fast -mp -Mbyteswapio -mcmodel=medium resetag.f90
nvfortran-Warning-Only small, tiny and large code models are allowed on AArch64. The code model large will be used.

mpifort    -c -fast -mp -Mbyteswapio -mcmodel=medium siadjst.f90
nvfortran-Warning-Only small, tiny and large code models are allowed on AArch64. The code model large will be used.

mpifort    -c -fast -mp -Mbyteswapio -mcmodel=medium swadjst.f90
nvfortran-Warning-Only small, tiny and large code models are allowed on AArch64. The code model large will be used.

mpifort    -c -fast -mp -Mbyteswapio -mcmodel=medium satadjst.f90
nvfortran-Warning-Only small, tiny and large code models are allowed on AArch64. The code model large will be used.

mpifort    -c -fast -mp -Mbyteswapio -mcmodel=medium outstd09.f90
nvfortran-Warning-Only small, tiny and large code models are allowed on AArch64. The code model large will be used.

mpifort    -c -fast -mp -Mbyteswapio -mcmodel=medium outdmp2d.f90
nvfortran-Warning-Only small, tiny and large code models are allowed on AArch64. The code model large will be used.

mpifort    -c -fast -mp -Mbyteswapio -mcmodel=medium rotuvm2s.f90
nvfortran-Warning-Only small, tiny and large code models are allowed on AArch64. The code model large will be used.

mpifort    -c -fast -mp -Mbyteswapio -mcmodel=medium setproj.f90
nvfortran-Warning-Only small, tiny and large code models are allowed on AArch64. The code model large will be used.

mpifort    -c -fast -mp -Mbyteswapio -mcmodel=medium outpbl.f90
nvfortran-Warning-Only small, tiny and large code models are allowed on AArch64. The code model large will be used.

mpifort    -c -fast -mp -Mbyteswapio -mcmodel=medium pblptv.f90
nvfortran-Warning-Only small, tiny and large code models are allowed on AArch64. The code model large will be used.

mpifort    -c -fast -mp -Mbyteswapio -mcmodel=medium pblqv.f90
nvfortran-Warning-Only small, tiny and large code models are allowed on AArch64. The code model large will be used.

mpifort    -c -fast -mp -Mbyteswapio -mcmodel=medium pblu.f90
nvfortran-Warning-Only small, tiny and large code models are allowed on AArch64. The code model large will be used.

mpifort    -c -fast -mp -Mbyteswapio -mcmodel=medium pblv.f90
nvfortran-Warning-Only small, tiny and large code models are allowed on AArch64. The code model large will be used.

mpifort    -c -fast -mp -Mbyteswapio -mcmodel=medium pbldrv.f90
nvfortran-Warning-Only small, tiny and large code models are allowed on AArch64. The code model large will be used.

mpifort    -c -fast -mp -Mbyteswapio -mcmodel=medium radiat.f90
nvfortran-Warning-Only small, tiny and large code models are allowed on AArch64. The code model large will be used.

mpifort    -c -fast -mp -Mbyteswapio -mcmodel=medium roughitr.f90
nvfortran-Warning-Only small, tiny and large code models are allowed on AArch64. The code model large will be used.

mpifort    -c -fast -mp -Mbyteswapio -mcmodel=medium roughnxt.f90
nvfortran-Warning-Only small, tiny and large code models are allowed on AArch64. The code model large will be used.

mpifort    -c -fast -mp -Mbyteswapio -mcmodel=medium setsfc.f90
nvfortran-Warning-Only small, tiny and large code models are allowed on AArch64. The code model large will be used.

mpifort    -c -fast -mp -Mbyteswapio -mcmodel=medium sfcflx.f90
nvfortran-Warning-Only small, tiny and large code models are allowed on AArch64. The code model large will be used.

mpifort    -c -fast -mp -Mbyteswapio -mcmodel=medium steptund.f90
nvfortran-Warning-Only small, tiny and large code models are allowed on AArch64. The code model large will be used.

mpifort    -c -fast -mp -Mbyteswapio -mcmodel=medium soildrv.f90
nvfortran-Warning-Only small, tiny and large code models are allowed on AArch64. The code model large will be used.

mpifort    -c -fast -mp -Mbyteswapio -mcmodel=medium sfcphy.f90
nvfortran-Warning-Only small, tiny and large code models are allowed on AArch64. The code model large will be used.

mpifort    -c -fast -mp -Mbyteswapio -mcmodel=medium swp2nxt.f90
nvfortran-Warning-Only small, tiny and large code models are allowed on AArch64. The code model large will be used.

mpifort    -c -fast -mp -Mbyteswapio -mcmodel=medium timeflt.f90
nvfortran-Warning-Only small, tiny and large code models are allowed on AArch64. The code model large will be used.

mpifort    -c -fast -mp -Mbyteswapio -mcmodel=medium totalqwi.f90
nvfortran-Warning-Only small, tiny and large code models are allowed on AArch64. The code model large will be used.

mpifort    -c -fast -mp -Mbyteswapio -mcmodel=medium intgdrv.f90
nvfortran-Warning-Only small, tiny and large code models are allowed on AArch64. The code model large will be used.

mpifort    -c -fast -mp -Mbyteswapio -mcmodel=medium vint133r.f90
nvfortran-Warning-Only small, tiny and large code models are allowed on AArch64. The code model large will be used.

mpifort    -c -fast -mp -Mbyteswapio -mcmodel=medium intrprdr.f90
nvfortran-Warning-Only small, tiny and large code models are allowed on AArch64. The code model large will be used.

mpifort    -c -fast -mp -Mbyteswapio -mcmodel=medium jacobian.f90
nvfortran-Warning-Only small, tiny and large code models are allowed on AArch64. The code model large will be used.

mpifort    -c -fast -mp -Mbyteswapio -mcmodel=medium mapfct.f90
nvfortran-Warning-Only small, tiny and large code models are allowed on AArch64. The code model large will be used.

mpifort    -c -fast -mp -Mbyteswapio -mcmodel=medium outstd11.f90
nvfortran-Warning-Only small, tiny and large code models are allowed on AArch64. The code model large will be used.

mpifort    -c -fast -mp -Mbyteswapio -mcmodel=medium masscon.f90
nvfortran-Warning-Only small, tiny and large code models are allowed on AArch64. The code model large will be used.

mpifort    -c -fast -mp -Mbyteswapio -mcmodel=medium outmxn.f90
nvfortran-Warning-Only small, tiny and large code models are allowed on AArch64. The code model large will be used.

mpifort    -c -fast -mp -Mbyteswapio -mcmodel=medium totalq.f90
nvfortran-Warning-Only small, tiny and large code models are allowed on AArch64. The code model large will be used.

mpifort    -c -fast -mp -Mbyteswapio -mcmodel=medium mxndrv.f90
nvfortran-Warning-Only small, tiny and large code models are allowed on AArch64. The code model large will be used.

mpifort    -c -fast -mp -Mbyteswapio -mcmodel=medium ndgstep.f90
nvfortran-Warning-Only small, tiny and large code models are allowed on AArch64. The code model large will be used.

mpifort    -c -fast -mp -Mbyteswapio -mcmodel=medium outstd07.f90
nvfortran-Warning-Only small, tiny and large code models are allowed on AArch64. The code model large will be used.

mpifort    -c -fast -mp -Mbyteswapio -mcmodel=medium opendmp.f90
nvfortran-Warning-Only small, tiny and large code models are allowed on AArch64. The code model large will be used.

mpifort    -c -fast -mp -Mbyteswapio -mcmodel=medium outcheck.f90
nvfortran-Warning-Only small, tiny and large code models are allowed on AArch64. The code model large will be used.

mpifort    -c -fast -mp -Mbyteswapio -mcmodel=medium outdmp3d.f90
nvfortran-Warning-Only small, tiny and large code models are allowed on AArch64. The code model large will be used.

mpifort    -c -fast -mp -Mbyteswapio -mcmodel=medium totals.f90
nvfortran-Warning-Only small, tiny and large code models are allowed on AArch64. The code model large will be used.

mpifort    -c -fast -mp -Mbyteswapio -mcmodel=medium var8u8s.f90
nvfortran-Warning-Only small, tiny and large code models are allowed on AArch64. The code model large will be used.

mpifort    -c -fast -mp -Mbyteswapio -mcmodel=medium var8v8s.f90
nvfortran-Warning-Only small, tiny and large code models are allowed on AArch64. The code model large will be used.

mpifort    -c -fast -mp -Mbyteswapio -mcmodel=medium vint31s.f90
nvfortran-Warning-Only small, tiny and large code models are allowed on AArch64. The code model large will be used.

mpifort    -c -fast -mp -Mbyteswapio -mcmodel=medium outdmp.f90
nvfortran-Warning-Only small, tiny and large code models are allowed on AArch64. The code model large will be used.

mpifort    -c -fast -mp -Mbyteswapio -mcmodel=medium outres.f90
nvfortran-Warning-Only small, tiny and large code models are allowed on AArch64. The code model large will be used.

mpifort    -c -fast -mp -Mbyteswapio -mcmodel=medium outstd05.f90
nvfortran-Warning-Only small, tiny and large code models are allowed on AArch64. The code model large will be used.

mpifort    -c -fast -mp -Mbyteswapio -mcmodel=medium outstd06.f90
nvfortran-Warning-Only small, tiny and large code models are allowed on AArch64. The code model large will be used.

mpifort    -c -fast -mp -Mbyteswapio -mcmodel=medium outstd13.f90
nvfortran-Warning-Only small, tiny and large code models are allowed on AArch64. The code model large will be used.

mpifort    -c -fast -mp -Mbyteswapio -mcmodel=medium outstd16.f90
nvfortran-Warning-Only small, tiny and large code models are allowed on AArch64. The code model large will be used.

mpifort    -c -fast -mp -Mbyteswapio -mcmodel=medium stretch.f90
nvfortran-Warning-Only small, tiny and large code models are allowed on AArch64. The code model large will be used.

mpifort    -c -fast -mp -Mbyteswapio -mcmodel=medium phycood.f90
nvfortran-Warning-Only small, tiny and large code models are allowed on AArch64. The code model large will be used.

mpifort    -c -fast -mp -Mbyteswapio -mcmodel=medium setasl.f90
nvfortran-Warning-Only small, tiny and large code models are allowed on AArch64. The code model large will be used.

mpifort    -c -fast -mp -Mbyteswapio -mcmodel=medium rdaslnxt.f90
nvfortran-Warning-Only small, tiny and large code models are allowed on AArch64. The code model large will be used.

mpifort    -c -fast -mp -Mbyteswapio -mcmodel=medium rdconf.f90
nvfortran-Warning-Only small, tiny and large code models are allowed on AArch64. The code model large will be used.

mpifort    -c -fast -mp -Mbyteswapio -mcmodel=medium setgpv.f90
nvfortran-Warning-Only small, tiny and large code models are allowed on AArch64. The code model large will be used.

mpifort    -c -fast -mp -Mbyteswapio -mcmodel=medium rdgpvnxt.f90
nvfortran-Warning-Only small, tiny and large code models are allowed on AArch64. The code model large will be used.

mpifort    -c -fast -mp -Mbyteswapio -mcmodel=medium rdgrp.f90
nvfortran-Warning-Only small, tiny and large code models are allowed on AArch64. The code model large will be used.

mpifort    -c -fast -mp -Mbyteswapio -mcmodel=medium rdradar.f90
nvfortran-Warning-Only small, tiny and large code models are allowed on AArch64. The code model large will be used.

mpifort    -c -fast -mp -Mbyteswapio -mcmodel=medium rdrdrmrk.f90
nvfortran-Warning-Only small, tiny and large code models are allowed on AArch64. The code model large will be used.

mpifort    -c -fast -mp -Mbyteswapio -mcmodel=medium setrdrqp.f90
nvfortran-Warning-Only small, tiny and large code models are allowed on AArch64. The code model large will be used.

mpifort    -c -fast -mp -Mbyteswapio -mcmodel=medium rdrdrnxt.f90
nvfortran-Warning-Only small, tiny and large code models are allowed on AArch64. The code model large will be used.

mpifort    -c -fast -mp -Mbyteswapio -mcmodel=medium setsst.f90
nvfortran-Warning-Only small, tiny and large code models are allowed on AArch64. The code model large will be used.

mpifort    -c -fast -mp -Mbyteswapio -mcmodel=medium rdsstnxt.f90
nvfortran-Warning-Only small, tiny and large code models are allowed on AArch64. The code model large will be used.

mpifort    -c -fast -mp -Mbyteswapio -mcmodel=medium rotuvs2m.f90
nvfortran-Warning-Only small, tiny and large code models are allowed on AArch64. The code model large will be used.

mpifort    -c -fast -mp -Mbyteswapio -mcmodel=medium setdim.f90
nvfortran-Warning-Only small, tiny and large code models are allowed on AArch64. The code model large will be used.

mpifort    -c -fast -mp -Mbyteswapio -mcmodel=medium trilat.f90
nvfortran-Warning-Only small, tiny and large code models are allowed on AArch64. The code model large will be used.

mpifort    -c -fast -mp -Mbyteswapio -mcmodel=medium setgrid.f90
nvfortran-Warning-Only small, tiny and large code models are allowed on AArch64. The code model large will be used.

mpifort    -c -fast -mp -Mbyteswapio -mcmodel=medium sethalo.f90
nvfortran-Warning-Only small, tiny and large code models are allowed on AArch64. The code model large will be used.

mpifort    -c -fast -mp -Mbyteswapio -mcmodel=medium setname.f90
nvfortran-Warning-Only small, tiny and large code models are allowed on AArch64. The code model large will be used.

mpifort    -c -fast -mp -Mbyteswapio -mcmodel=medium setnlslv.f90
nvfortran-Warning-Only small, tiny and large code models are allowed on AArch64. The code model large will be used.

mpifort    -c -fast -mp -Mbyteswapio -mcmodel=medium vint31r.f90
nvfortran-Warning-Only small, tiny and large code models are allowed on AArch64. The code model large will be used.

mpifort    -c -fast -mp -Mbyteswapio -mcmodel=medium vintrdr.f90
nvfortran-Warning-Only small, tiny and large code models are allowed on AArch64. The code model large will be used.

mpifort    -c -fast -mp -Mbyteswapio -mcmodel=medium setrdr.f90
nvfortran-Warning-Only small, tiny and large code models are allowed on AArch64. The code model large will be used.

mpifort    -c -fast -mp -Mbyteswapio -mcmodel=medium setref.f90
nvfortran-Warning-Only small, tiny and large code models are allowed on AArch64. The code model large will be used.

mpifort    -c -fast -mp -Mbyteswapio -mcmodel=medium slvstep.f90
nvfortran-Warning-Only small, tiny and large code models are allowed on AArch64. The code model large will be used.

mpifort    -c -fast -mp -Mbyteswapio -mcmodel=medium timeint.f90
nvfortran-Warning-Only small, tiny and large code models are allowed on AArch64. The code model large will be used.

mpifort    -c -fast -mp -Mbyteswapio -mcmodel=medium slvdrv.f90
nvfortran-Warning-Only small, tiny and large code models are allowed on AArch64. The code model large will be used.

mpifort    -c -fast -mp -Mbyteswapio -mcmodel=medium solver.f90
nvfortran-Warning-Only small, tiny and large code models are allowed on AArch64. The code model large will be used.

mpifort    -o solver.exe solver.o comprofile.o dump_kernel_data.o abortslv.o adjstbw.o adjstnci.o adjstni.o adjstnp.o adjstnsg.o adjstnw.o adjstq.o adjstqa.o adjstuv.o advbspe.o advbspi.o advbspt.o advp.o advs.o advuvw.o aerophy.o aggregat.o allocbuf.o allocgrp.o allociot.o allocmph.o allocslv.o baserho.o bbcw.o bc2d.o bc4news.o bc8u.o bc8v.o bc8w.o bcasl.o bcbase.o bcgpv.o bcgsms.o bcgsmu.o bcgsmv.o bcgsmw.o bcini.o bcphi.o bcrdr.o bcrdrqp.o bcsst.o bcten.o bcycle.o bcyclex.o bcycley.o bruntv.o bulksfc.o buoytke.o buoywb.o buoywse.o buoywsi.o castgrp_multi.o castname_multi.o castvar.o cg2mkbw.o charging.o chkbyte.o chkerr_multi.o chkfall.o chkfile.o chkitr.o chkkind.o chkmoist.o chkmxn.o chknlslv.o chkopen_multi.o chkrain.o chkrdr.o chksat.o chkstd_multi.o closedmp.o cloudcov.o cloudphy.o cnt2phy.o coalbw.o coldblk.o collc2r.o collect.o comaero.o combin.o comblk.o combuf.o comcapt.o comdays.o comdmp.o comerr.o comfile.o comgrp.o comindx.o comionum.o comkind.o commath.o commpi.o comname.o comphy.o comsave.o comslv.o comstd.o comtable.o convc2r.o convers.o convland.o copy1d.o copy2d.o copy3d.o copy4d.o coriuv.o coriuvw.o cpondpe_multi.o culintg.o currpe.o curveuvw.o dbz2kg.o defdim.o defmpi.o defname.o defomssq.o defomten.o depsit.o depsitbw.o destroy.o diabat.o diagnci.o diagni.o diagnsg.o diagnw.o diffequa.o disptke.o distrpg.o distrqp.o diver2d.o diver3d.o diverpe.o diverpih.o diverpiv.o eddydif.o eddypbl.o eddyvis.o eddyvisj.o emitqt.o endmpi_multi.o evapr2v.o exbcpt.o exbcq.o exbcss.o exbcu.o exbcv.o exbcw.o fallblk.o fallbw.o fallqr.o fdmdrv.o fituvwc.o forcedrv.o forcep.o forcept.o forceq.o forceqa.o forceqcg.o forceqt.o forceqv.o forces.o forcesfc.o forcetke.o forceuvw.o freezing.o gaussel.o getarea.o getbufgx.o getbufgy.o getbufsx.o getbufsy.o getcname.o getdate.o getetop.o getexner.o getgamma.o getiname.o getindx.o getmxn.o getname.o getpt0.o getqt0.o getqvs.o getrich.o getrij.o getrname.o getta2d.o getta3d.o gettime.o gettlcl.o gettrn.o getunit.o getvdens.o getxy.o getz.o getzlow.o gseidel.o gsmoos.o gsmoou.o gsmoov.o gsmoow.o hculs.o hculuvw.o heatsfc.o heve.o hevi.o hintrdr.o inibinbw.o inichar.o inidef.o inidisbw.o inimod.o inimpi_multi.o inisfc.o initke.o initund.o inivar.o instvel.o intgdrv.o intrprdr.o intrpsnd.o jacobian.o kh8uv.o lbcs.o lbcu.o lbculs.o lbculu.o lbculv.o lbculw.o lbcv.o lbcw.o lbcwc.o ll2xy.o lspdmp.o lspp.o lspqv.o lsps.o lsps0.o lspuvw.o mapfct.o masscon.o melting.o mk2cgbw.o more0q.o move2d.o mxndrv.o ndgsat.o ndgstep.o newblk.o newblk_noevap.o nlsmqv.o nlsms.o nlsmuvw.o nuc1stc.o nuc1stv.o nuc2nd.o numchar.o opendmp.o outcap.o outcheck.o outdmp.o outdmp2d.o outdmp3d.o outgeo.o outmxn.o outpbl.o outres.o outstd01.o outstd02.o outstd03.o outstd04.o outstd05.o outstd06.o outstd07.o outstd08.o outstd09.o outstd10.o outstd11.o outstd12.o outstd13.o outstd14.o outstd15.o outstd16.o p2gpv.o pbldrv.o pblptv.o pblqv.o pblu.o pblv.o pgrad.o pgradiv.o phasev.o phasevbc.o phvbcs.o phvbcuvw.o phvs.o phvuvw.o phy2cnt.o phycood.o prodctwg.o putbufgx.o putbufgy.o putbufsx.o putbufsy.o putunit.o qp2rdr.o qv2rdr.o radiat.o rbcpt.o rbcq.o rbcqv.o rbcs.o rbcs0.o rbcss.o rbcu.o rbcv.o rbcw.o rdaslini.o rdaslnxt.o rdconf.o rdgpvini.o rdgpvnxt.o rdgrp.o rdradar.o rdrdrmrk.o rdrdrnxt.o rdres.o rdsfc.o rdsnd.o rdsstini.o rdsstnxt.o rdtrn.o rdtund.o reducelb.o reducevb.o remapbw.o resetag.o rotuvm2s.o rotuvs2m.o roughitr.o roughnxt.o rstuvwc.o s2gpv.o sadjstbw.o satadjst.o set1d.o setasl.o setbase.o setbin.o setblk.o setcst1d.o setcst2d.o setcst3d.o setcst4d.o setdim.o setgpv.o setgrid.o sethalo.o setname.o setnlslv.o setproj.o setrdr.o setrdrqp.o setref.o setsfc.o setsst.o setvar1d.o setvar3d.o sfcflx.o sfcphy.o sheartke.o shedding.o shift2nd.o shiftgx.o shiftgy.o shiftsx.o shiftsy.o siadjst.o slvdrv.o slvstep.o smalldrv.o smoo2p.o smoo2qv.o smoo2s.o smoo2uvw.o smoo4p.o smoo4qv.o smoo4s.o smoo4uvw.o smooasl.o smoogpv.o sndwave.o soildrv.o srcblk.o stepcul.o steppe.o steppi.o steppts.o steps.o steptund.o stepuv.o stepwe.o stepwi.o stretch.o strsten.o sumbin.o swadjst.o swp2nxt.o temparam.o termblk.o termbw2d.o termbw3d.o termqr.o timeflt.o timeint.o tkeflx.o totalq.o totalqwi.o totals.o trilat.o turbdrv.o turbflx.o turbs.o turbtke.o turbuvw.o upwmbin.o upwnbin.o upwnp.o upwqcg.o upwqp.o uvw2gpv.o uvw2rdr.o var8u8s.o var8uvw.o var8v8s.o var8w8s.o var8w8u.o var8w8v.o vbcp.o vbcqcg.o vbcs.o vbcu.o vbcv.o vbcw.o vbcwc.o vculs.o vculs0.o vculuvw.o vextlow.o vint11.o vint13.o vint133r.o vint31r.o vint31s.o vintrdr.o vintsnd.o vspdmp.o vspp.o vspqv.o vsps.o vsps0.o vspuvw.o warmbin.o warmblk.o xy2ij.o xy2ll.o  -fast -mp
ln -fs /work/jh250015/g24000/SC26/CReSS3.5.1m_SPN_RAD1.4.3_20230323_upload/Src/solver.exe /work/jh250015/g24000/SC26/CReSS3.5.1m_SPN_RAD1.4.3_20230323_upload/solver.exe
cd /work/jh250015/g24000/SC26/CReSS3.5.1m_SPN_RAD1.4.3_20230323_upload
compilation completed.
