[23:33:43] Roofline analysis started
[23:33:43] Output: /work/jh250015/g24000/SC26/CReSS3.5.1m_SPN_RAD1.4.3_20230323_upload/Kernel_benchmark_gpu/roofline_results/roofline_summary_20260323_233343.csv
[23:33:43] Targets: 166 benchmarks
[23:33:43] GPU: NVIDIA GH200 120GB
[23:33:43] Profiling 003_adjstni_subroutine ...
[23:33:50]   launches=12, kpi=1, skip=2
[23:33:57]   done
[23:33:57] Profiling 007_adjstq_subroutine ...
[23:34:02]   launches=72, kpi=6, skip=12
[23:34:08]   done
[23:34:08] Profiling 009_adjstuv_subroutine_sec1 ...
[23:34:14]   launches=120, kpi=10, skip=20
[23:34:23]   done
[23:34:23] Profiling 010_adjstuv_subroutine_sec2 ...
[23:34:27]   launches=48, kpi=4, skip=8
[23:34:32]   done
[23:34:32] Profiling 012_advbspi_subroutine ...
[23:34:36]   launches=12, kpi=1, skip=2
[23:34:40]   done
[23:34:40] Profiling 013_advbspt_subroutine ...
[23:34:44]   launches=24, kpi=2, skip=4
[23:34:50]   done
[23:34:50] Profiling 014_advp_subroutine ...
[23:35:01]   launches=156, kpi=13, skip=26
[23:35:18]   done
[23:35:18] Profiling 015_advs_subroutine ...
[23:35:23]   launches=120, kpi=10, skip=20
[23:35:30]   done
[23:35:30] Profiling 016_advuvw_subroutine ...
[23:35:43]   launches=360, kpi=30, skip=60
[23:36:06]   done
[23:36:06] Profiling 017_aggregat_s_aggregat ...
[23:36:08]   launches=12, kpi=1, skip=2
[23:36:09]   done
[23:36:09] Profiling 018_allocbuf_s_allocbuf ...
[23:36:11]   launches=12, kpi=1, skip=2
[23:36:13]   done
[23:36:13] SKIP 020_allociot_s_allociot: no executable
[23:36:13] SKIP 022_allocslv_s_allocslv: no executable
[23:36:13] Profiling 024_baserho_s_baserho ...
[23:36:15]   launches=12, kpi=1, skip=2
[23:36:18]   done
[23:36:18] Profiling 025_bbcw_s_bbcw ...
[23:36:21]   launches=36, kpi=3, skip=6
[23:36:25]   done
[23:36:25] Profiling 027_bc4news_s_bc4news ...
[23:36:27]   launches=0, kpi=20, skip=40
[23:36:28]   Retrying with skip=0 ...
[23:36:29]   WARN: no ncu data
[23:36:29] Profiling 028_bc8u_s_bc8u ...
[23:36:32]   launches=24, kpi=2, skip=4
[23:36:36]   done
[23:36:36] Profiling 029_bc8v_s_bc8v ...
[23:36:38]   launches=24, kpi=2, skip=4
[23:36:41]   done
[23:36:41] Profiling 030_bc8w_s_bc8w ...
[23:36:44]   launches=24, kpi=2, skip=4
[23:36:47]   done
[23:36:47] Profiling 031_bcbase_s_bcbase ...
[23:36:55]   launches=72, kpi=6, skip=12
[23:37:09]   done
[23:37:09] Profiling 037_bcten_s_bcten ...
[23:37:11]   launches=24, kpi=2, skip=4
[23:37:14]   done
[23:37:14] Profiling 038_bcycle_s_bcycle ...
[23:37:16]   launches=0, kpi=20, skip=40
[23:37:17]   Retrying with skip=0 ...
[23:37:19]   WARN: no ncu data
[23:37:19] Profiling 039_bcyclex_s_bcyclex ...
[23:37:20]   launches=0, kpi=20, skip=40
[23:37:21]   Retrying with skip=0 ...
[23:37:23]   WARN: no ncu data
[23:37:23] Profiling 040_bcycley_s_bcycley ...
[23:37:24]   launches=0, kpi=20, skip=40
[23:37:26]   Retrying with skip=0 ...
[23:37:27]   WARN: no ncu data
[23:37:27] Profiling 041_bruntv_s_bruntv ...
[23:38:27]   launches=29, kpi=2, skip=4
[23:40:06]   done
[23:40:06] Profiling 042_bulksfc_s_bulksfc ...
[23:40:07]   launches=12, kpi=1, skip=2
[23:40:09]   done
[23:40:09] Profiling 043_buoytke_s_buoytke ...
[23:40:14]   launches=24, kpi=2, skip=4
[23:40:19]   done
[23:40:19] Profiling 044_buoywb_s_buoywb ...
[23:40:25]   launches=36, kpi=3, skip=6
[23:40:33]   done
[23:40:33] Profiling 046_buoywsi_s_buoywsi ...
[23:40:37]   launches=24, kpi=2, skip=4
[23:40:41]   done
[23:40:41] Profiling 050_chkitr_s_chkitr ...
[23:40:43]   launches=24, kpi=2, skip=4
[23:40:45]   done
[23:40:45] Profiling 051_chkmoist_s_chkmoist ...
[23:40:47]   launches=24, kpi=2, skip=4
[23:40:50]   done
[23:40:50] Profiling 054_chkrain_s_chkrain ...
[23:40:51]   launches=12, kpi=1, skip=2
[23:40:53]   done
[23:40:53] Profiling 055_chksat_s_chksat ...
[23:40:57]   launches=12, kpi=1, skip=2
[23:41:01]   done
[23:41:01] Profiling 056_cloudcov_s_cloudcov ...
[23:41:18]   launches=1548, kpi=129, skip=258
[23:42:00]   done
[23:42:00] Profiling 061_collect_s_collect ...
[23:42:02]   launches=12, kpi=1, skip=2
[23:42:04]   done
[23:42:04] Profiling 063_convers_s_convers ...
[23:42:05]   launches=12, kpi=1, skip=2
[23:42:07]   done
[23:42:07] Profiling 065_copy1d_s_copy1d ...
[23:42:09]   launches=12, kpi=1, skip=2
[23:42:11]   done
[23:42:11] Profiling 067_copy3d_s_copy3d ...
[23:42:13]   launches=12, kpi=1, skip=2
[23:42:15]   done
[23:42:15] Profiling 068_copy4d_s_copy4d ...
[23:42:19]   launches=12, kpi=1, skip=2
[23:42:23]   done
[23:42:23] Profiling 069_coriuv_subroutine ...
[23:42:29]   launches=48, kpi=4, skip=8
[23:42:36]   done
[23:42:36] Profiling 073_curveuvw_s_curveuvw ...
[23:42:48]   launches=156, kpi=13, skip=26
[23:43:05]   done
[23:43:05] Profiling 075_defomssq_s_defomssq ...
[23:43:08]   launches=12, kpi=1, skip=2
[23:43:12]   done
[23:43:12] Profiling 078_depsit_s_depsit ...
[23:43:14]   launches=12, kpi=1, skip=2
[23:43:16]   done
[23:43:16] Profiling 083_diagni_s_diagni ...
[23:43:19]   launches=12, kpi=1, skip=2
[23:43:22]   done
[23:43:22] Profiling 085_diagnw_s_diagnw ...
[23:43:26]   launches=12, kpi=1, skip=2
[23:43:29]   done
[23:43:29] Profiling 087_disptke_s_disptke ...
[23:43:33]   launches=12, kpi=1, skip=2
[23:43:37]   done
[23:43:37] Profiling 088_distrpg_s_distrpg ...
[23:43:38]   launches=12, kpi=1, skip=2
[23:43:40]   done
[23:43:40] Profiling 090_diver2d_s_diver2d ...
[23:43:43]   launches=36, kpi=3, skip=6
[23:43:47]   done
[23:43:47] Profiling 091_diver3d_s_diver3d ...
[23:43:51]   launches=48, kpi=4, skip=8
[23:43:55]   done
[23:43:55] Profiling 093_diverpih_s_diverpih ...
[23:44:00]   launches=12, kpi=1, skip=2
[23:44:08]   done
[23:44:08] Profiling 094_diverpiv_s_diverpiv ...
[23:44:10]   launches=12, kpi=1, skip=2
[23:44:13]   done
[23:44:13] Profiling 094_phvbcs_s_phvbcs ...
[23:44:16]   launches=96, kpi=8, skip=16
[23:44:21]   done
[23:44:21] Profiling 095_eddydif_s_eddydif ...
[23:44:26]   launches=36, kpi=3, skip=6
[23:44:32]   done
[23:44:32] Profiling 097_eddyvis_subroutine ...
[23:44:36]   launches=12, kpi=1, skip=2
[23:44:39]   done
[23:44:39] Profiling 098_eddyvisj_s_eddyvisj ...
[23:44:43]   launches=12, kpi=1, skip=2
[23:44:48]   done
[23:44:48] Profiling 102_exbcpt_s_exbcpt ...
[23:44:52]   launches=96, kpi=8, skip=16
[23:44:58]   done
[23:44:58] Profiling 103_exbcq_s_exbcq ...
[23:45:02]   launches=96, kpi=8, skip=16
[23:45:08]   done
[23:45:08] Profiling 104_exbcss_s_exbcss ...
[23:45:12]   launches=96, kpi=8, skip=16
[23:45:17]   done
[23:45:17] Profiling 105_exbcu_subroutine ...
[23:45:21]   launches=48, kpi=4, skip=8
[23:45:25]   done
[23:45:25] Profiling 106_exbcv_s_exbcv ...
[23:45:28]   launches=48, kpi=4, skip=8
[23:45:33]   done
[23:45:33] Profiling 108_fallblk_subroutine ...
[23:45:36]   launches=24, kpi=2, skip=4
[23:45:39]   done
[23:45:39] Profiling 112_forcept_s_forcept ...
[23:45:43]   launches=12, kpi=1, skip=2
[23:45:47]   done
[23:45:47] Profiling 113_forcesfc_s_forcesfc ...
[23:45:51]   launches=48, kpi=4, skip=8
[23:45:57]   done
[23:45:57] Profiling 114_freezing_s_freezing ...
[23:45:58]   launches=12, kpi=1, skip=2
[23:46:00]   done
[23:46:00] Profiling 115_gaussel_subroutine ...
[23:46:32]   launches=2964, kpi=247, skip=494
[23:47:51]   done
[23:47:51] Profiling 119_getarea_s_getarea ...
[23:47:54]   launches=120, kpi=10, skip=20
[23:47:59]   done
[23:47:59] Profiling 125_getexner_s_getexner ...
[23:48:01]   launches=12, kpi=1, skip=2
[23:48:04]   done
[23:48:04] Profiling 136_getrich_s_getrich ...
[23:48:06]   launches=12, kpi=1, skip=2
[23:48:08]   done
[23:48:08] Profiling 140_gettrn_s_gettrn_sec1 ...
[23:48:09]   launches=12, kpi=1, skip=2
[23:48:11]   done
[23:48:11] Profiling 141_gettrn_s_gettrn_sec2 ...
[23:48:13]   launches=24, kpi=2, skip=4
[23:48:15]   done
[23:48:15] Profiling 142_getvdens_s_getvdens ...
[23:48:17]   launches=12, kpi=1, skip=2
[23:48:19]   done
[23:48:19] Profiling 143_getxy_s_getxy ...
[23:48:21]   launches=12, kpi=1, skip=2
[23:48:23]   done
[23:48:23] Profiling 144_getz_s_getz ...
[23:48:25]   launches=12, kpi=1, skip=2
[23:48:26]   done
[23:48:26] Profiling 146_getzlow_s_getzlow ...
[23:48:28]   launches=12, kpi=1, skip=2
[23:48:30]   done
[23:48:30] Profiling 164_heatsfc_s_heatsfc ...
[23:48:32]   launches=12, kpi=1, skip=2
[23:48:34]   done
[23:48:34] SKIP 173_inidef_s_inidef: no executable
[23:48:34] SKIP 175_inimod_s_inimod: no executable
[23:48:34] Profiling 177_inisfc_subroutine ...
[23:48:36]   launches=12, kpi=1, skip=2
[23:48:38]   done
[23:48:38] Profiling 179_initund_s_initund ...
[23:48:54]   launches=1524, kpi=127, skip=254
[23:49:31]   done
[23:49:31] Profiling 181_jacobian_s_jacobian ...
[23:49:35]   launches=36, kpi=3, skip=6
[23:49:40]   done
[23:49:40] Profiling 182_kh8uv_s_kh8uv ...
[23:49:44]   launches=36, kpi=3, skip=6
[23:49:49]   done
[23:49:49] Profiling 183_lbcs_s_lbcs ...
[23:49:50]   launches=0, kpi=20, skip=40
[23:49:51]   Retrying with skip=0 ...
[23:49:53]   WARN: no ncu data
[23:49:53] Profiling 190_lbcw_s_lbcw ...
[23:49:54]   launches=0, kpi=20, skip=40
[23:49:55]   Retrying with skip=0 ...
[23:49:57]   WARN: no ncu data
[23:49:57] Profiling 200_mapfct_s_mapfct ...
[23:50:00]   launches=120, kpi=10, skip=20
[23:50:04]   done
[23:50:04] Profiling 202_melting_s_melting ...
[23:50:06]   launches=12, kpi=1, skip=2
[23:50:07]   done
[23:50:07] Profiling 204_more0q_s_more0q ...
[23:50:10]   launches=24, kpi=2, skip=4
[23:50:12]   done
[23:50:12] Profiling 206_newblk_subroutine ...
[23:50:14]   launches=12, kpi=1, skip=2
[23:50:16]   done
[23:50:16] Profiling 212_nuc1stc_s_nuc1stc ...
[23:50:18]   launches=12, kpi=1, skip=2
[23:50:19]   done
[23:50:19] Profiling 213_nuc1stv_s_nuc1stv ...
[23:50:21]   launches=12, kpi=1, skip=2
[23:50:23]   done
[23:50:23] Profiling 214_nuc2nd_s_nuc2nd ...
[23:50:25]   launches=12, kpi=1, skip=2
[23:50:26]   done
[23:50:26] SKIP 215_opendmp_s_opendmp: no executable
[23:50:26] Profiling 217_outdmp_s_outdmp ...
[23:50:28]   launches=12, kpi=1, skip=2
[23:50:30]   done
[23:50:30] Profiling 218_outmxn_s_outmxn_sec1 ...
[23:50:32]   launches=24, kpi=2, skip=4
[23:50:35]   done
[23:50:35] Profiling 220_outpbl_s_outpbl ...
[23:50:36]   launches=13, kpi=1, skip=2
[23:50:38]   done
[23:50:38] Profiling 230_pgrad_subroutine ...
[23:50:45]   launches=76, kpi=6, skip=12
[23:50:53]   done
[23:50:54] Profiling 231_pgradiv_s_pgradiv ...
[23:50:58]   launches=24, kpi=2, skip=4
[23:51:03]   done
[23:51:03] Profiling 232_phvbcs_s_phvbcs ...
[23:51:07]   launches=96, kpi=8, skip=16
[23:51:12]   done
[23:51:12] Profiling 233_phvbcuvw_s_phvbcuvw ...
[23:51:16]   launches=144, kpi=12, skip=24
[23:51:24]   done
[23:51:24] Profiling 234_phvs_s_phvs ...
[23:51:27]   launches=144, kpi=12, skip=24
[23:51:33]   done
[23:51:33] Profiling 235_phvuvw_s_phvuvw ...
[23:51:38]   launches=144, kpi=12, skip=24
[23:51:45]   done
[23:51:45] Profiling 236_phy2cnt_s_phy2cnt ...
[23:51:48]   launches=12, kpi=1, skip=2
[23:51:52]   done
[23:51:52] Profiling 237_phycood_s_phycood_sec1 ...
[23:51:54]   launches=24, kpi=2, skip=4
[23:51:56]   done
[23:51:56] Profiling 238_phycood_s_phycood_sec2 ...
[23:51:58]   launches=24, kpi=2, skip=4
[23:52:00]   done
[23:52:00] Profiling 239_phycood_s_phycood_sec3 ...
[23:52:03]   launches=36, kpi=3, skip=6
[23:52:05]   done
[23:52:05] Profiling 240_prodctwg_s_prodctwg ...
[23:52:07]   launches=12, kpi=1, skip=2
[23:52:09]   done
[23:52:09] Profiling 247_radiat_s_radiat ...
[23:52:13]   launches=48, kpi=4, skip=8
[23:52:18]   done
[23:52:18] Profiling 249_rbcq_s_rbcq ...
[23:52:22]   launches=96, kpi=8, skip=16
[23:52:27]   done
[23:52:27] Profiling 251_rbcs_s_rbcs ...
[23:52:31]   launches=96, kpi=8, skip=16
[23:52:36]   done
[23:52:36] Profiling 252_rbcs0_s_rbcs0 ...
[23:52:40]   launches=96, kpi=8, skip=16
[23:52:45]   done
[23:52:45] Profiling 256_rbcw_s_rbcw ...
[23:52:49]   launches=96, kpi=8, skip=16
[23:52:54]   done
[23:52:54] SKIP 257_rdgrp_s_rdgrp: no executable
[23:52:54] Profiling 264_roughitr_s_roughitr ...
[23:52:56]   launches=12, kpi=1, skip=2
[23:52:58]   done
[23:52:58] Profiling 265_roughnxt_s_roughnxt ...
[23:53:00]   launches=12, kpi=1, skip=2
[23:53:01]   done
[23:53:01] Profiling 266_rstuvwc_s_rstuvwc ...
[23:53:05]   launches=36, kpi=3, skip=6
[23:53:10]   done
[23:53:10] Profiling 278_setbase_s_setbase ...
[23:53:19]   launches=24, kpi=2, skip=4
[23:53:32]   done
[23:53:32] Profiling 280_setblk_s_setblk ...
[23:53:34]   launches=24, kpi=2, skip=4
[23:53:36]   done
[23:53:36] Profiling 281_phvs_s_phvs ...
[23:53:39]   launches=96, kpi=8, skip=16
[23:53:43]   done
[23:53:43] Profiling 281_setcst1d_s_setcst1d_sec1 ...
[23:53:44]   launches=0, kpi=20, skip=40
[23:53:44]   Retrying with skip=0 ...
[23:53:45]   WARN: no ncu data
[23:53:45] Profiling 282_setcst1d_s_setcst1d_r8_sec2 ...
[23:53:45]   launches=0, kpi=20, skip=40
[23:53:45]   Retrying with skip=0 ...
[23:53:46]   WARN: no ncu data
[23:53:46] Profiling 283_setcst2d_s_setcst2d_sec1 ...
[23:53:48]   launches=12, kpi=1, skip=2
[23:53:50]   done
[23:53:50] Profiling 285_setcst3d_s_setcst3d_sec1 ...
[23:53:52]   launches=12, kpi=1, skip=2
[23:53:54]   done
[23:53:54] Profiling 286_setcst3d_s_setcst3d_r8_sec2 ...
[23:53:56]   launches=12, kpi=1, skip=2
[23:53:57]   done
[23:53:57] Profiling 287_setcst4d_s_setcst4d ...
[23:53:58]   launches=0, kpi=20, skip=40
[23:53:58]   Retrying with skip=0 ...
[23:53:58]   WARN: no ncu data
[23:53:59] Profiling 288_setgpv_s_setgpv ...
[23:54:01]   launches=12, kpi=1, skip=2
[23:54:03]   done
[23:54:03] SKIP 289_setname_s_setname: no executable
[23:54:03] Profiling 291_setsfc_s_setsfc ...
[23:54:08]   launches=84, kpi=7, skip=14
[23:54:15]   done
[23:54:15] Profiling 293_sfcflx_subroutine ...
[23:54:17]   launches=12, kpi=1, skip=2
[23:54:19]   done
[23:54:19] Profiling 294_sheartke_s_sheartke ...
[23:54:22]   launches=12, kpi=1, skip=2
[23:54:26]   done
[23:54:26] Profiling 295_shedding_s_shedding ...
[23:54:28]   launches=12, kpi=1, skip=2
[23:54:29]   done
[23:54:29] Profiling 296_siadjst_s_siadjst ...
[23:54:35]   launches=12, kpi=1, skip=2
[23:54:42]   done
[23:54:42] Profiling 302_smoo4qv_s_smoo4qv ...
[23:54:51]   launches=84, kpi=7, skip=14
[23:55:03]   done
[23:55:03] Profiling 303_smoo4s_subroutine ...
[23:55:09]   launches=84, kpi=7, skip=14
[23:55:16]   done
[23:55:16] Profiling 304_smoo4uvw_s_smoo4uvw ...
[23:55:27]   launches=252, kpi=21, skip=42
[23:55:44]   done
[23:55:44] Profiling 305_sndwave_s_sndwave ...
[23:55:47]   launches=12, kpi=1, skip=2
[23:55:50]   done
[23:55:50] Profiling 308_steppi_s_steppi ...
[23:55:53]   launches=12, kpi=1, skip=2
[23:55:56]   done
[23:55:56] Profiling 310_steps_s_steps ...
[23:56:00]   launches=24, kpi=2, skip=4
[23:56:03]   done
[23:56:03] Profiling 311_steptund_s_steptund_sec1 ...
[23:56:27]   launches=2268, kpi=189, skip=378
[23:57:24]   done
[23:57:24] Profiling 312_steptund_s_steptund_sec2 ...
[23:57:27]   launches=24, kpi=2, skip=4
[23:57:30]   done
[23:57:30] Profiling 313_stepuv_subroutine ...
[23:57:35]   launches=24, kpi=2, skip=4
[23:57:41]   done
[23:57:41] Profiling 315_stepwi_subroutine ...
[23:57:48]   launches=48, kpi=4, skip=8
[23:57:56]   done
[23:57:56] Profiling 318_strsten_s_strsten ...
[23:58:07]   launches=96, kpi=8, skip=16
[23:58:23]   done
[23:58:23] Profiling 320_swadjst_s_swadjst ...
[23:58:29]   launches=12, kpi=1, skip=2
[23:58:35]   done
[23:58:35] Profiling 321_swp2nxt_s_swp2nxt ...
[23:59:12]   launches=108, kpi=9, skip=18
[23:59:52]   done
[23:59:52] Profiling 323_termblk_s_termblk ...
[23:59:58]   launches=24, kpi=2, skip=4
[00:00:06]   done
[00:00:06] Profiling 327_timeflt_s_timeflt ...
[00:00:43]   launches=168, kpi=14, skip=28
[00:01:23]   done
[00:01:23] Profiling 331_totalqwi_s_totalqwi ...
[00:01:27]   launches=12, kpi=1, skip=2
[00:01:30]   done
[00:01:30] Profiling 332_totals_s_totals ...
[00:01:32]   launches=12, kpi=1, skip=2
[00:01:35]   done
[00:01:35] Profiling 333_trilat_s_trilat ...
[00:01:36]   launches=12, kpi=1, skip=2
[00:01:38]   done
[00:01:38] Profiling 336_turbs_subroutine ...
[00:01:44]   launches=36, kpi=3, skip=6
[00:01:52]   done
[00:01:52] Profiling 337_turbtke_s_turbtke ...
[00:01:59]   launches=36, kpi=3, skip=6
[00:02:07]   done
[00:02:07] Profiling 338_turbuvw_subroutine ...
[00:02:21]   launches=120, kpi=10, skip=20
[00:02:41]   done
[00:02:41] Profiling 347_upwnp_s_upwnp ...
[00:02:44]   launches=48, kpi=4, skip=8
[00:02:49]   done
[00:02:49] Profiling 349_upwqp_subroutine ...
[00:02:54]   launches=36, kpi=3, skip=6
[00:02:59]   done
[00:02:59] Profiling 353_var8uvw_s_var8uvw ...
[00:03:03]   launches=36, kpi=3, skip=6
[00:03:08]   done
[00:03:08] Profiling 358_vbcp_s_vbcp ...
[00:03:10]   launches=24, kpi=2, skip=4
[00:03:13]   done
[00:03:13] Profiling 360_vbcs_s_vbcs ...
[00:03:16]   launches=24, kpi=2, skip=4
[00:03:19]   done
[00:03:19] Profiling 361_vbcu_s_vbcu ...
[00:03:22]   launches=24, kpi=2, skip=4
[00:03:25]   done
[00:03:25] Profiling 362_vbcv_s_vbcv ...
[00:03:28]   launches=24, kpi=2, skip=4
[00:03:31]   done
[00:03:31] Profiling 363_vbcw_s_vbcw ...
[00:03:35]   launches=144, kpi=12, skip=24
[00:03:42]   done
[00:03:42] Profiling 364_vbcwc_s_vbcwc ...
[00:03:45]   launches=24, kpi=2, skip=4
[00:03:48]   done
[00:03:48] Profiling 380_vspdmp_s_vspdmp ...
[00:04:05]   launches=1548, kpi=129, skip=258
[00:04:44]   done
[00:04:44] Profiling 382_vspqv_s_vspqv ...
[00:04:48]   launches=12, kpi=1, skip=2
[00:04:52]   done
[00:04:52] Profiling 383_vsps_subroutine ...
[00:04:56]   launches=12, kpi=1, skip=2
[00:05:00]   done
[00:05:00] Profiling 384_vsps0_s_vsps0 ...
[00:05:01]   launches=0, kpi=20, skip=40
[00:05:02]   Retrying with skip=0 ...
[00:05:02]   WARN: no ncu data
[00:05:02] Profiling 385_vspuvw_subroutine ...
[00:06:02]   launches=649, kpi=54, skip=108
[00:06:31]   done
[00:06:31] Profiling 387_xy2ll_s_xy2ll ...
[00:06:32]   launches=0, kpi=20, skip=40
[00:06:33]   Retrying with skip=0 ...
[00:06:34]   WARN: no ncu data
[00:06:34] Profiling complete
